Archive member included to satisfy reference by file (symbol)

C:/arm-gnu-toolchain-15.2.rel1-mingw-w64-i686-arm-none-eabi/bin/../lib/gcc/arm-none-eabi/15.2.1/../../../../arm-none-eabi/lib/thumb/v7e-m+fp/hard\libc_nano.a(libc_a-nano-vfprintf_float.o)
                              (_printf_float)
C:/arm-gnu-toolchain-15.2.rel1-mingw-w64-i686-arm-none-eabi/bin/../lib/gcc/arm-none-eabi/15.2.1/../../../../arm-none-eabi/lib/thumb/v7e-m+fp/hard\libc_nano.a(libc_a-nano-vfprintf_i.o)
                              C:/arm-gnu-toolchain-15.2.rel1-mingw-w64-i686-arm-none-eabi/bin/../lib/gcc/arm-none-eabi/15.2.1/../../../../arm-none-eabi/lib/thumb/v7e-m+fp/hard\libc_nano.a(libc_a-nano-vfprintf_float.o) (_printf_common)
C:/arm-gnu-toolchain-15.2.rel1-mingw-w64-i686-arm-none-eabi/bin/../lib/gcc/arm-none-eabi/15.2.1/../../../../arm-none-eabi/lib/thumb/v7e-m+fp/hard\libc_nano.a(libc_a-printf.o)
                              alarm.o (printf)
C:/arm-gnu-toolchain-15.2.rel1-mingw-w64-i686-arm-none-eabi/bin/../lib/gcc/arm-none-eabi/15.2.1/../../../../arm-none-eabi/lib/thumb/v7e-m+fp/hard\libc_nano.a(libc_a-setvbuf.o)
                              main.o (setvbuf)
C:/arm-gnu-toolchain-15.2.rel1-mingw-w64-i686-arm-none-eabi/bin/../lib/gcc/arm-none-eabi/15.2.1/../../../../arm-none-eabi/lib/thumb/v7e-m+fp/hard\libc_nano.a(libc_a-sprintf.o)
                              main.o (sprintf)
C:/arm-gnu-toolchain-15.2.rel1-mingw-w64-i686-arm-none-eabi/bin/../lib/gcc/arm-none-eabi/15.2.1/../../../../arm-none-eabi/lib/thumb/v7e-m+fp/hard\libc_nano.a(libc_a-sscanf.o)
                              alarm.o (sscanf)
C:/arm-gnu-toolchain-15.2.rel1-mingw-w64-i686-arm-none-eabi/bin/../lib/gcc/arm-none-eabi/15.2.1/../../../../arm-none-eabi/lib/thumb/v7e-m+fp/hard\libc_nano.a(libc_a-stdio.o)
                              C:/arm-gnu-toolchain-15.2.rel1-mingw-w64-i686-arm-none-eabi/bin/../lib/gcc/arm-none-eabi/15.2.1/../../../../arm-none-eabi/lib/thumb/v7e-m+fp/hard\libc_nano.a(libc_a-sscanf.o) (__seofread)
C:/arm-gnu-toolchain-15.2.rel1-mingw-w64-i686-arm-none-eabi/bin/../lib/gcc/arm-none-eabi/15.2.1/../../../../arm-none-eabi/lib/thumb/v7e-m+fp/hard\libc_nano.a(libc_a-vsprintf.o)
                              uart.o (vsprintf)
C:/arm-gnu-toolchain-15.2.rel1-mingw-w64-i686-arm-none-eabi/bin/../lib/gcc/arm-none-eabi/15.2.1/../../../../arm-none-eabi/lib/thumb/v7e-m+fp/hard\libc_nano.a(libc_a-localeconv.o)
                              C:/arm-gnu-toolchain-15.2.rel1-mingw-w64-i686-arm-none-eabi/bin/../lib/gcc/arm-none-eabi/15.2.1/../../../../arm-none-eabi/lib/thumb/v7e-m+fp/hard\libc_nano.a(libc_a-nano-vfprintf_float.o) (_localeconv_r)
C:/arm-gnu-toolchain-15.2.rel1-mingw-w64-i686-arm-none-eabi/bin/../lib/gcc/arm-none-eabi/15.2.1/../../../../arm-none-eabi/lib/thumb/v7e-m+fp/hard\libc_nano.a(libc_a-closer.o)
                              C:/arm-gnu-toolchain-15.2.rel1-mingw-w64-i686-arm-none-eabi/bin/../lib/gcc/arm-none-eabi/15.2.1/../../../../arm-none-eabi/lib/thumb/v7e-m+fp/hard\libc_nano.a(libc_a-stdio.o) (_close_r)
C:/arm-gnu-toolchain-15.2.rel1-mingw-w64-i686-arm-none-eabi/bin/../lib/gcc/arm-none-eabi/15.2.1/../../../../arm-none-eabi/lib/thumb/v7e-m+fp/hard\libc_nano.a(libc_a-reent.o)
                              C:/arm-gnu-toolchain-15.2.rel1-mingw-w64-i686-arm-none-eabi/bin/../lib/gcc/arm-none-eabi/15.2.1/../../../../arm-none-eabi/lib/thumb/v7e-m+fp/hard\libc_nano.a(libc_a-closer.o) (errno)
C:/arm-gnu-toolchain-15.2.rel1-mingw-w64-i686-arm-none-eabi/bin/../lib/gcc/arm-none-eabi/15.2.1/../../../../arm-none-eabi/lib/thumb/v7e-m+fp/hard\libc_nano.a(libc_a-impure.o)
                              main.o (_impure_ptr)
C:/arm-gnu-toolchain-15.2.rel1-mingw-w64-i686-arm-none-eabi/bin/../lib/gcc/arm-none-eabi/15.2.1/../../../../arm-none-eabi/lib/thumb/v7e-m+fp/hard\libc_nano.a(libc_a-lseekr.o)
                              C:/arm-gnu-toolchain-15.2.rel1-mingw-w64-i686-arm-none-eabi/bin/../lib/gcc/arm-none-eabi/15.2.1/../../../../arm-none-eabi/lib/thumb/v7e-m+fp/hard\libc_nano.a(libc_a-stdio.o) (_lseek_r)
C:/arm-gnu-toolchain-15.2.rel1-mingw-w64-i686-arm-none-eabi/bin/../lib/gcc/arm-none-eabi/15.2.1/../../../../arm-none-eabi/lib/thumb/v7e-m+fp/hard\libc_nano.a(libc_a-readr.o)
                              C:/arm-gnu-toolchain-15.2.rel1-mingw-w64-i686-arm-none-eabi/bin/../lib/gcc/arm-none-eabi/15.2.1/../../../../arm-none-eabi/lib/thumb/v7e-m+fp/hard\libc_nano.a(libc_a-stdio.o) (_read_r)
C:/arm-gnu-toolchain-15.2.rel1-mingw-w64-i686-arm-none-eabi/bin/../lib/gcc/arm-none-eabi/15.2.1/../../../../arm-none-eabi/lib/thumb/v7e-m+fp/hard\libc_nano.a(libc_a-writer.o)
                              C:/arm-gnu-toolchain-15.2.rel1-mingw-w64-i686-arm-none-eabi/bin/../lib/gcc/arm-none-eabi/15.2.1/../../../../arm-none-eabi/lib/thumb/v7e-m+fp/hard\libc_nano.a(libc_a-stdio.o) (_write_r)
[...]
Memory Configuration

Name             Origin             Length             Attributes
ROM              0x08000000         0x00080000         xr
RAM              0x20000000         0x00020000         xrw
*default*        0x00000000         0xffffffff

Linker script and memory map

LOAD alarm.o
LOAD clock.o
LOAD exception.o
LOAD key.o
LOAD lcd.o
LOAD led.o
LOAD main.o
LOAD motor.o
LOAD runtime.o
LOAD system_stm32f4xx.o
LOAD systick.o
LOAD timer.o
LOAD uart.o
LOAD crt0.o
LOAD C:/arm-gnu-toolchain-15.2.rel1-mingw-w64-i686-arm-none-eabi/bin/../lib/gcc/arm-none-eabi/15.2.1/../../../../arm-none-eabi/lib/thumb/v7e-m+fp/hard\libc_nano.a
LOAD C:/arm-gnu-toolchain-15.2.rel1-mingw-w64-i686-arm-none-eabi/bin/../lib/gcc/arm-none-eabi/15.2.1/thumb/v7e-m+fp/hard\libgcc.a
START GROUP
LOAD C:/arm-gnu-toolchain-15.2.rel1-mingw-w64-i686-arm-none-eabi/bin/../lib/gcc/arm-none-eabi/15.2.1/thumb/v7e-m+fp/hard\libgcc.a
LOAD C:/arm-gnu-toolchain-15.2.rel1-mingw-w64-i686-arm-none-eabi/bin/../lib/gcc/arm-none-eabi/15.2.1/../../../../arm-none-eabi/lib/thumb/v7e-m+fp/hard\libc_nano.a
END GROUP
START GROUP
LOAD C:/arm-gnu-toolchain-15.2.rel1-mingw-w64-i686-arm-none-eabi/bin/../lib/gcc/arm-none-eabi/15.2.1/thumb/v7e-m+fp/hard\libgcc.a
LOAD C:/arm-gnu-toolchain-15.2.rel1-mingw-w64-i686-arm-none-eabi/bin/../lib/gcc/arm-none-eabi/15.2.1/../../../../arm-none-eabi/lib/thumb/v7e-m+fp/hard\libc_nano.a
LOAD C:/arm-gnu-toolchain-15.2.rel1-mingw-w64-i686-arm-none-eabi/bin/../lib/gcc/arm-none-eabi/15.2.1/../../../../arm-none-eabi/lib/thumb/v7e-m+fp/hard\libnosys.a
END GROUP
START GROUP
LOAD C:/arm-gnu-toolchain-15.2.rel1-mingw-w64-i686-arm-none-eabi/bin/../lib/gcc/arm-none-eabi/15.2.1/thumb/v7e-m+fp/hard\libgcc.a
LOAD C:/arm-gnu-toolchain-15.2.rel1-mingw-w64-i686-arm-none-eabi/bin/../lib/gcc/arm-none-eabi/15.2.1/../../../../arm-none-eabi/lib/thumb/v7e-m+fp/hard\libc_nano.a
LOAD C:/arm-gnu-toolchain-15.2.rel1-mingw-w64-i686-arm-none-eabi/bin/../lib/gcc/arm-none-eabi/15.2.1/../../../../arm-none-eabi/lib/thumb/v7e-m+fp/hard\libnosys.a
END GROUP

.text           0x08000000     0x2390
                0x08000000                        __RO_BASE__ = .
 crt0.o(.text)
 .text          0x08000000      0x204 crt0.o
                0x08000198                EXTI2_IRQHandler
                0x08000198                DebugMon_Handler
                0x08000198                SPI4_IRQHandler
                0x08000198                TIM1_CC_IRQHandler
                0x08000198                DMA2_Stream5_IRQHandler
                0x08000198                HardFault_Handler
                0x08000198                DMA1_Stream5_IRQHandler
                0x08000198                SysTick_Handler
                0x08000198                PVD_IRQHandler
                0x08000198                SDIO_IRQHandler
                0x08000198                TAMP_STAMP_IRQHandler
                0x08000198                PendSV_Handler
                0x08000198                NMI_Handler
                0x08000198                EXTI3_IRQHandler
                0x08000198                TIM1_UP_TIM10_IRQHandler
                0x08000198                I2C3_ER_IRQHandler
                0x08000198                EXTI0_IRQHandler
                0x08000198                I2C2_EV_IRQHandler
                0x08000198                DMA1_Stream2_IRQHandler
                0x08000198                FPU_IRQHandler
                0x08000198                UsageFault_Handler
                0x08000198                DMA2_Stream2_IRQHandler
                0x08000198                SPI1_IRQHandler
                0x08000198                TIM1_BRK_TIM9_IRQHandler
                0x08000198                DMA2_Stream3_IRQHandler
                0x08000198                USART6_IRQHandler
                0x08000198                DMA2_Stream0_IRQHandler
                0x08000198                TIM4_IRQHandler
                0x08000198                I2C1_EV_IRQHandler
                0x08000198                Invalid_ISR
                0x08000198                DMA1_Stream6_IRQHandler
                0x08000198                DMA1_Stream1_IRQHandler
                0x08000198                TIM3_IRQHandler
                0x08000198                RCC_IRQHandler
                0x08000198                ADC_IRQHandler
                0x08000198                DMA1_Stream7_IRQHandler
                0x08000198                SPI5_IRQHandler
                0x08000198                TIM5_IRQHandler
                0x08000198                DMA2_Stream7_IRQHandler
                0x08000198                I2C3_EV_IRQHandler
                0x08000198                EXTI9_5_IRQHandler
                0x08000198                RTC_WKUP_IRQHandler
                0x08000198                SPI2_IRQHandler
                0x08000198                MemManage_Handler
                0x08000198                DMA1_Stream0_IRQHandler
                0x08000198                SVC_Handler
                0x08000198                EXTI4_IRQHandler
                0x08000198                WWDG_IRQHandler
                0x08000198                TIM2_IRQHandler
                0x08000198                OTG_FS_WKUP_IRQHandler
                0x08000198                TIM1_TRG_COM_TIM11_IRQHandler
                0x08000198                EXTI1_IRQHandler
                0x08000198                USART2_IRQHandler
                0x08000198                I2C2_ER_IRQHandler
                0x08000198                DMA2_Stream1_IRQHandler
                0x08000198                FLASH_IRQHandler
                0x08000198                DMA2_Stream4_IRQHandler
                0x08000198                BusFault_Handler
                0x08000198                USART1_IRQHandler
                0x08000198                OTG_FS_IRQHandler
                0x08000198                SPI3_IRQHandler
                0x08000198                DMA1_Stream4_IRQHandler
                0x08000198                I2C1_ER_IRQHandler
                0x08000198                DMA2_Stream6_IRQHandler
                0x08000198                DMA1_Stream3_IRQHandler
                0x0800019c                __start
 *(.text)
 .text          0x08000204      0x298 alarm.o
                0x08000204                RTC_Init_And_Alarm_Set
                0x08000330                Set_Alarm_From_String
                0x08000408                Set_Current_Time
 .text          0x0800049c       0x60 clock.o
                0x0800049c                Clock_Init
 .text          0x080004fc       0x94 exception.o
                0x080004fc                _Invalid_ISR
                0x08000528                EXTI15_10_IRQHandler
                0x08000560                RTC_Alarm_IRQHandler
 .text          0x08000590       0xd0 key.o
                0x08000590                Key_Poll_Init
                0x080005b0                Key_Get_Pressed
                0x080005c4                Key_Wait_Key_Pressed
                0x080005d4                Key_Wait_Key_Released
                0x080005e4                Key_ISR_Enable
 .text          0x08000660      0x3f8 lcd.o
                0x08000660                I2C1_Init
                0x080006d8                I2C1_Write_Byte
                0x08000720                LCD_Send
                0x0800089c                LCD_Cmd
                0x080008a4                LCD_Data
                0x080008ac                LCD_Init
                0x080008ec                LCD_Set_Cursor
                0x08000908                LCD_String
 .text          0x08000a58       0x54 led.o
                0x08000a58                LED_Init
                0x08000a8c                LED_On
                0x08000a9c                LED_Off
 .text          0x08000aac      0x178 main.o
                0x08000aac                Main
 .text          0x08000c24      0x22c motor.o
                0x08000c24                Motor_Init
                0x08000cec                Servo_Open_Close
                0x08000d28                Stepper_Step
                0x08000d78                Rotate_Next_Slot
                0x08000ddc                Motor_Stop
                0x08000de8                Motor_Clockwise
                0x08000e1c                Motor_CounterClockwise
 .text          0x08000e50       0x88 runtime.o
                0x08000e50                _sbrk
                0x08000e88                _write
                0x08000ea4                _read
                0x08000ea8                _lseek
                0x08000eac                _close
                0x08000eb4                _fstat
                0x08000ec0                _isatty
                0x08000ec4                _getpid
                0x08000ec8                _kill
 .text          0x08000ed8       0x84 system_stm32f4xx.o
                0x08000ed8                SystemInit
                0x08000eec                SystemCoreClockUpdate
 *fill*         0x08000f5c        0x4 
 .text          0x08000f60       0x6c systick.o
                0x08000f60                SysTick_Run
                0x08000fa4                SysTick_Check_Timeout
                0x08000fb0                SysTick_Get_Time
                0x08000fb8                SysTick_Get_Load_Time
                0x08000fc0                SysTick_Stop
 .text          0x08000fcc      0x294 timer.o
                0x08000fcc                TIM2_Stopwatch_Start
                0x08001004                TIM2_Stopwatch_Stop
                0x08001024                TIM2_Delay
                0x080010d0                TIM4_Repeat
                0x08001114                TIM4_Check_Timeout
                0x08001130                TIM4_Stop
                0x08001140                TIM4_Change_Value
                0x08001150                TIM3_Out_Init
                0x080011a0                TIM3_Out_Freq_Generation
                0x080011e8                TIM3_Out_Stop
                0x080011f8                TIM2_Init
 .text          0x08001260      0x4b0 uart.o
                0x08001260                Uart2_Init
                0x0800134c                Uart2_Send_Byte
                0x08001370                Uart1_Init
                0x08001454                Uart1_Send_Byte
                0x08001478                Uart1_Send_String
                0x080014a8                Uart1_Printf
                0x080014f4                Uart1_Get_Pressed
                0x08001508                Uart2_Get_Char
                0x0800151c                Uart2_Send_String
                0x0800154c                Uart2_Printf
                0x08001598                Process_UART_Input
 .text          0x08001710        0x0 C:/arm-gnu-toolchain-15.2.rel1-mingw-w64-i686-arm-none-eabi/bin/../lib/gcc/arm-none-eabi/15.2.1/../../../../arm-none-eabi/lib/thumb/v7e-m+fp/hard\libc_nano.a(libc_a-nano-vfprintf_float.o)
 .text          0x08001710        0x0 C:/arm-gnu-toolchain-15.2.rel1-mingw-w64-i686-arm-none-eabi/bin/../lib/gcc/arm-none-eabi/15.2.1/../../../../arm-none-eabi/lib/thumb/v7e-m+fp/hard\libc_nano.a(libc_a-nano-vfprintf_i.o)
 .text          0x08001710        0x0 C:/arm-gnu-toolchain-15.2.rel1-mingw-w64-i686-arm-none-eabi/bin/../lib/gcc/arm-none-eabi/15.2.1/../../../../arm-none-eabi/lib/thumb/v7e-m+fp/hard\libc_nano.a(libc_a-printf.o)
 .text          0x08001710        0x0 C:/arm-gnu-toolchain-15.2.rel1-mingw-w64-i686-arm-none-eabi/bin/../lib/gcc/arm-none-eabi/15.2.1/../../../../arm-none-eabi/lib/thumb/v7e-m+fp/hard\libc_nano.a(libc_a-setvbuf.o)
 .text          0x08001710        0x0 C:/arm-gnu-toolchain-15.2.rel1-mingw-w64-i686-arm-none-eabi/bin/../lib/gcc/arm-none-eabi/15.2.1/../../../../arm-none-eabi/lib/thumb/v7e-m+fp/hard\libc_nano.a(libc_a-sprintf.o)
 .text          0x08001710        0x0 C:/arm-gnu-toolchain-15.2.rel1-mingw-w64-i686-arm-none-eabi/bin/../lib/gcc/arm-none-eabi/15.2.1/../../../../arm-none-eabi/lib/thumb/v7e-m+fp/hard\libc_nano.a(libc_a-sscanf.o)
 .text          0x08001710        0x0 C:/arm-gnu-toolchain-15.2.rel1-mingw-w64-i686-arm-none-eabi/bin/../lib/gcc/arm-none-eabi/15.2.1/../../../../arm-none-eabi/lib/thumb/v7e-m+fp/hard\libc_nano.a(libc_a-stdio.o)
 .text          0x08001710        0x0 C:/arm-gnu-toolchain-15.2.rel1-mingw-w64-i686-arm-none-eabi/bin/../lib/gcc/arm-none-eabi/15.2.1/../../../../arm-none-eabi/lib/thumb/v7e-m+fp/hard\libc_nano.a(libc_a-vsprintf.o)
 .text          0x08001710        0x0 C:/arm-gnu-toolchain-15.2.rel1-mingw-w64-i686-arm-none-eabi/bin/../lib/gcc/arm-none-eabi/15.2.1/../../../../arm-none-eabi/lib/thumb/v7e-m+fp/hard\libc_nano.a(libc_a-localeconv.o)
 .text          0x08001710        0x0 C:/arm-gnu-toolchain-15.2.rel1-mingw-w64-i686-arm-none-eabi/bin/../lib/gcc/arm-none-eabi/15.2.1/../../../../arm-none-eabi/lib/thumb/v7e-m+fp/hard\libc_nano.a(libc_a-closer.o)
 .text          0x08001710        0x0 C:/arm-gnu-toolchain-15.2.rel1-mingw-w64-i686-arm-none-eabi/bin/../lib/gcc/arm-none-eabi/15.2.1/../../../../arm-none-eabi/lib/thumb/v7e-m+fp/hard\libc_nano.a(libc_a-reent.o)
 .text          0x08001710        0x0 C:/arm-gnu-toolchain-15.2.rel1-mingw-w64-i686-arm-none-eabi/bin/../lib/gcc/arm-none-eabi/15.2.1/../../../../arm-none-eabi/lib/thumb/v7e-m+fp/hard\libc_nano.a(libc_a-impure.o)
 .text          0x08001710        0x0 C:/arm-gnu-toolchain-15.2.rel1-mingw-w64-i686-arm-none-eabi/bin/../lib/gcc/arm-none-eabi/15.2.1/../../../../arm-none-eabi/lib/thumb/v7e-m+fp/hard\libc_nano.a(libc_a-lseekr.o)
 .text          0x08001710        0x0 C:/arm-gnu-toolchain-15.2.rel1-mingw-w64-i686-arm-none-eabi/bin/../lib/gcc/arm-none-eabi/15.2.1/../../../../arm-none-eabi/lib/thumb/v7e-m+fp/hard\libc_nano.a(libc_a-readr.o)
 .text          0x08001710        0x0 C:/arm-gnu-toolchain-15.2.rel1-mingw-w64-i686-arm-none-eabi/bin/../lib/gcc/arm-none-eabi/15.2.1/../../../../arm-none-eabi/lib/thumb/v7e-m+fp/hard\libc_nano.a(libc_a-writer.o)
 .text          0x08001710        0x0 C:/arm-gnu-toolchain-15.2.rel1-mingw-w64-i686-arm-none-eabi/bin/../lib/gcc/arm-none-eabi/15.2.1/../../../../arm-none-eabi/lib/thumb/v7e-m+fp/hard\libc_nano.a(libc_a-errno.o)
 .text          0x08001710        0x0 C:/arm-gnu-toolchain-15.2.rel1-mingw-w64-i686-arm-none-eabi/bin/../lib/gcc/arm-none-eabi/15.2.1/../../../../arm-none-eabi/lib/thumb/v7e-m+fp/hard\libc_nano.a(libc_a-lock.o)
 .text          0x08001710       0xa0 C:/arm-gnu-toolchain-15.2.rel1-mingw-w64-i686-arm-none-eabi/bin/../lib/gcc/arm-none-eabi/15.2.1/../../../../arm-none-eabi/lib/thumb/v7e-m+fp/hard\libc_nano.a(libc_a-memchr.o)
                0x08001710                memchr
 .text          0x080017b0       0x10 C:/arm-gnu-toolchain-15.2.rel1-mingw-w64-i686-arm-none-eabi/bin/../lib/gcc/arm-none-eabi/15.2.1/../../../../arm-none-eabi/lib/thumb/v7e-m+fp/hard\libc_nano.a(libc_a-strlen.o)
                0x080017b0                strlen
 .text          0x080017c0        0x0 C:/arm-gnu-toolchain-15.2.rel1-mingw-w64-i686-arm-none-eabi/bin/../lib/gcc/arm-none-eabi/15.2.1/../../../../arm-none-eabi/lib/thumb/v7e-m+fp/hard\libc_nano.a(libc_a-dtoa.o)
 .text          0x080017c0        0x0 C:/arm-gnu-toolchain-15.2.rel1-mingw-w64-i686-arm-none-eabi/bin/../lib/gcc/arm-none-eabi/15.2.1/../../../../arm-none-eabi/lib/thumb/v7e-m+fp/hard\libc_nano.a(libc_a-freer.o)
 .text          0x080017c0        0x0 C:/arm-gnu-toolchain-15.2.rel1-mingw-w64-i686-arm-none-eabi/bin/../lib/gcc/arm-none-eabi/15.2.1/../../../../arm-none-eabi/lib/thumb/v7e-m+fp/hard\libc_nano.a(libc_a-malloc.o)
 .text          0x080017c0        0x0 C:/arm-gnu-toolchain-15.2.rel1-mingw-w64-i686-arm-none-eabi/bin/../lib/gcc/arm-none-eabi/15.2.1/../../../../arm-none-eabi/lib/thumb/v7e-m+fp/hard\libc_nano.a(libc_a-mallocr.o)
 .text          0x080017c0        0x0 C:/arm-gnu-toolchain-15.2.rel1-mingw-w64-i686-arm-none-eabi/bin/../lib/gcc/arm-none-eabi/15.2.1/../../../../arm-none-eabi/lib/thumb/v7e-m+fp/hard\libc_nano.a(libc_a-mlock.o)
 .text          0x080017c0        0x0 C:/arm-gnu-toolchain-15.2.rel1-mingw-w64-i686-arm-none-eabi/bin/../lib/gcc/arm-none-eabi/15.2.1/../../../../arm-none-eabi/lib/thumb/v7e-m+fp/hard\libc_nano.a(libc_a-mprec.o)
 .text          0x080017c0        0x0 C:/arm-gnu-toolchain-15.2.rel1-mingw-w64-i686-arm-none-eabi/bin/../lib/gcc/arm-none-eabi/15.2.1/../../../../arm-none-eabi/lib/thumb/v7e-m+fp/hard\libc_nano.a(libc_a-nano-svfprintf.o)
 .text          0x080017c0        0x0 C:/arm-gnu-toolchain-15.2.rel1-mingw-w64-i686-arm-none-eabi/bin/../lib/gcc/arm-none-eabi/15.2.1/../../../../arm-none-eabi/lib/thumb/v7e-m+fp/hard\libc_nano.a(libc_a-nano-svfscanf.o)
 .text          0x080017c0        0x0 C:/arm-gnu-toolchain-15.2.rel1-mingw-w64-i686-arm-none-eabi/bin/../lib/gcc/arm-none-eabi/15.2.1/../../../../arm-none-eabi/lib/thumb/v7e-m+fp/hard\libc_nano.a(libc_a-nano-vfprintf.o)
 .text          0x080017c0        0x0 C:/arm-gnu-toolchain-15.2.rel1-mingw-w64-i686-arm-none-eabi/bin/../lib/gcc/arm-none-eabi/15.2.1/../../../../arm-none-eabi/lib/thumb/v7e-m+fp/hard\libc_nano.a(libc_a-nano-vfscanf_i.o)
 .text          0x080017c0        0x0 C:/arm-gnu-toolchain-15.2.rel1-mingw-w64-i686-arm-none-eabi/bin/../lib/gcc/arm-none-eabi/15.2.1/../../../../arm-none-eabi/lib/thumb/v7e-m+fp/hard\libc_nano.a(libc_a-fflush.o)
 .text          0x080017c0        0x0 C:/arm-gnu-toolchain-15.2.rel1-mingw-w64-i686-arm-none-eabi/bin/../lib/gcc/arm-none-eabi/15.2.1/../../../../arm-none-eabi/lib/thumb/v7e-m+fp/hard\libc_nano.a(libc_a-findfp.o)
 .text          0x080017c0        0x0 C:/arm-gnu-toolchain-15.2.rel1-mingw-w64-i686-arm-none-eabi/bin/../lib/gcc/arm-none-eabi/15.2.1/../../../../arm-none-eabi/lib/thumb/v7e-m+fp/hard\libc_nano.a(libc_a-fvwrite.o)
 .text          0x080017c0        0x0 C:/arm-gnu-toolchain-15.2.rel1-mingw-w64-i686-arm-none-eabi/bin/../lib/gcc/arm-none-eabi/15.2.1/../../../../arm-none-eabi/lib/thumb/v7e-m+fp/hard\libc_nano.a(libc_a-fwalk.o)
 .text          0x080017c0        0x0 C:/arm-gnu-toolchain-15.2.rel1-mingw-w64-i686-arm-none-eabi/bin/../lib/gcc/arm-none-eabi/15.2.1/../../../../arm-none-eabi/lib/thumb/v7e-m+fp/hard\libc_nano.a(libc_a-makebuf.o)
 .text          0x080017c0        0x0 C:/arm-gnu-toolchain-15.2.rel1-mingw-w64-i686-arm-none-eabi/bin/../lib/gcc/arm-none-eabi/15.2.1/../../../../arm-none-eabi/lib/thumb/v7e-m+fp/hard\libc_nano.a(libc_a-sccl.o)
 .text          0x080017c0        0x0 C:/arm-gnu-toolchain-15.2.rel1-mingw-w64-i686-arm-none-eabi/bin/../lib/gcc/arm-none-eabi/15.2.1/../../../../arm-none-eabi/lib/thumb/v7e-m+fp/hard\libc_nano.a(libc_a-ungetc.o)
 .text          0x080017c0        0x0 C:/arm-gnu-toolchain-15.2.rel1-mingw-w64-i686-arm-none-eabi/bin/../lib/gcc/arm-none-eabi/15.2.1/../../../../arm-none-eabi/lib/thumb/v7e-m+fp/hard\libc_nano.a(libc_a-wbuf.o)
 .text          0x080017c0        0x0 C:/arm-gnu-toolchain-15.2.rel1-mingw-w64-i686-arm-none-eabi/bin/../lib/gcc/arm-none-eabi/15.2.1/../../../../arm-none-eabi/lib/thumb/v7e-m+fp/hard\libc_nano.a(libc_a-wsetup.o)
 .text          0x080017c0        0x0 C:/arm-gnu-toolchain-15.2.rel1-mingw-w64-i686-arm-none-eabi/bin/../lib/gcc/arm-none-eabi/15.2.1/../../../../arm-none-eabi/lib/thumb/v7e-m+fp/hard\libc_nano.a(libc_a-memmove.o)
 .text          0x080017c0        0x0 C:/arm-gnu-toolchain-15.2.rel1-mingw-w64-i686-arm-none-eabi/bin/../lib/gcc/arm-none-eabi/15.2.1/../../../../arm-none-eabi/lib/thumb/v7e-m+fp/hard\libc_nano.a(libc_a-memset.o)
 .text          0x080017c0        0x0 C:/arm-gnu-toolchain-15.2.rel1-mingw-w64-i686-arm-none-eabi/bin/../lib/gcc/arm-none-eabi/15.2.1/../../../../arm-none-eabi/lib/thumb/v7e-m+fp/hard\libc_nano.a(libc_a-locale.o)
 .text          0x080017c0        0x0 C:/arm-gnu-toolchain-15.2.rel1-mingw-w64-i686-arm-none-eabi/bin/../lib/gcc/arm-none-eabi/15.2.1/../../../../arm-none-eabi/lib/thumb/v7e-m+fp/hard\libc_nano.a(libc_a-fstatr.o)
 .text          0x080017c0        0x0 C:/arm-gnu-toolchain-15.2.rel1-mingw-w64-i686-arm-none-eabi/bin/../lib/gcc/arm-none-eabi/15.2.1/../../../../arm-none-eabi/lib/thumb/v7e-m+fp/hard\libc_nano.a(libc_a-isattyr.o)
 .text          0x080017c0        0x0 C:/arm-gnu-toolchain-15.2.rel1-mingw-w64-i686-arm-none-eabi/bin/../lib/gcc/arm-none-eabi/15.2.1/../../../../arm-none-eabi/lib/thumb/v7e-m+fp/hard\libc_nano.a(libc_a-sbrkr.o)
 .text          0x080017c0       0x14 C:/arm-gnu-toolchain-15.2.rel1-mingw-w64-i686-arm-none-eabi/bin/../lib/gcc/arm-none-eabi/15.2.1/../../../../arm-none-eabi/lib/thumb/v7e-m+fp/hard\libc_nano.a(libc_a-strcmp.o)
                0x080017c0                strcmp
 .text          0x080017d4        0x0 C:/arm-gnu-toolchain-15.2.rel1-mingw-w64-i686-arm-none-eabi/bin/../lib/gcc/arm-none-eabi/15.2.1/../../../../arm-none-eabi/lib/thumb/v7e-m+fp/hard\libc_nano.a(libc_a-memcpy-stub.o)
 .text          0x080017d4        0x0 C:/arm-gnu-toolchain-15.2.rel1-mingw-w64-i686-arm-none-eabi/bin/../lib/gcc/arm-none-eabi/15.2.1/../../../../arm-none-eabi/lib/thumb/v7e-m+fp/hard\libc_nano.a(libc_a-assert.o)
 .text          0x080017d4        0x0 C:/arm-gnu-toolchain-15.2.rel1-mingw-w64-i686-arm-none-eabi/bin/../lib/gcc/arm-none-eabi/15.2.1/../../../../arm-none-eabi/lib/thumb/v7e-m+fp/hard\libc_nano.a(libc_a-callocr.o)
 .text          0x080017d4        0x0 C:/arm-gnu-toolchain-15.2.rel1-mingw-w64-i686-arm-none-eabi/bin/../lib/gcc/arm-none-eabi/15.2.1/../../../../arm-none-eabi/lib/thumb/v7e-m+fp/hard\libc_nano.a(libc_a-mbtowc_r.o)
 .text          0x080017d4        0x0 C:/arm-gnu-toolchain-15.2.rel1-mingw-w64-i686-arm-none-eabi/bin/../lib/gcc/arm-none-eabi/15.2.1/../../../../arm-none-eabi/lib/thumb/v7e-m+fp/hard\libc_nano.a(libc_a-reallocr.o)
 .text          0x080017d4        0x0 C:/arm-gnu-toolchain-15.2.rel1-mingw-w64-i686-arm-none-eabi/bin/../lib/gcc/arm-none-eabi/15.2.1/../../../../arm-none-eabi/lib/thumb/v7e-m+fp/hard\libc_nano.a(libc_a-strtol.o)
 .text          0x080017d4        0x0 C:/arm-gnu-toolchain-15.2.rel1-mingw-w64-i686-arm-none-eabi/bin/../lib/gcc/arm-none-eabi/15.2.1/../../../../arm-none-eabi/lib/thumb/v7e-m+fp/hard\libc_nano.a(libc_a-strtoul.o)
 .text          0x080017d4        0x0 C:/arm-gnu-toolchain-15.2.rel1-mingw-w64-i686-arm-none-eabi/bin/../lib/gcc/arm-none-eabi/15.2.1/../../../../arm-none-eabi/lib/thumb/v7e-m+fp/hard\libc_nano.a(libc_a-wctomb_r.o)
 .text          0x080017d4        0x0 C:/arm-gnu-toolchain-15.2.rel1-mingw-w64-i686-arm-none-eabi/bin/../lib/gcc/arm-none-eabi/15.2.1/../../../../arm-none-eabi/lib/thumb/v7e-m+fp/hard\libc_nano.a(libc_a-ctype_.o)
 .text          0x080017d4        0x0 C:/arm-gnu-toolchain-15.2.rel1-mingw-w64-i686-arm-none-eabi/bin/../lib/gcc/arm-none-eabi/15.2.1/../../../../arm-none-eabi/lib/thumb/v7e-m+fp/hard\libc_nano.a(libc_a-fprintf.o)
 .text          0x080017d4        0x0 C:/arm-gnu-toolchain-15.2.rel1-mingw-w64-i686-arm-none-eabi/bin/../lib/gcc/arm-none-eabi/15.2.1/../../../../arm-none-eabi/lib/thumb/v7e-m+fp/hard\libc_nano.a(libc_a-abort.o)
 .text          0x080017d4        0x0 C:/arm-gnu-toolchain-15.2.rel1-mingw-w64-i686-arm-none-eabi/bin/../lib/gcc/arm-none-eabi/15.2.1/../../../../arm-none-eabi/lib/thumb/v7e-m+fp/hard\libc_nano.a(libc_a-msizer.o)
 .text          0x080017d4        0x0 C:/arm-gnu-toolchain-15.2.rel1-mingw-w64-i686-arm-none-eabi/bin/../lib/gcc/arm-none-eabi/15.2.1/../../../../arm-none-eabi/lib/thumb/v7e-m+fp/hard\libc_nano.a(libc_a-signal.o)
 .text          0x080017d4        0x0 C:/arm-gnu-toolchain-15.2.rel1-mingw-w64-i686-arm-none-eabi/bin/../lib/gcc/arm-none-eabi/15.2.1/../../../../arm-none-eabi/lib/thumb/v7e-m+fp/hard\libc_nano.a(libc_a-signalr.o)
 .text          0x080017d4      0x254 C:/arm-gnu-toolchain-15.2.rel1-mingw-w64-i686-arm-none-eabi/bin/../lib/gcc/arm-none-eabi/15.2.1/thumb/v7e-m+fp/hard\libgcc.a(_arm_muldf3.o)
 .text          0x08001a28      0x378 C:/arm-gnu-toolchain-15.2.rel1-mingw-w64-i686-arm-none-eabi/bin/../lib/gcc/arm-none-eabi/15.2.1/thumb/v7e-m+fp/hard\libgcc.a(_arm_addsubdf3.o)
                0x08001a28                __aeabi_drsub
                0x08001a30                __aeabi_dsub
                0x08001a30                __subdf3
                0x08001a34                __aeabi_dadd
                0x08001a34                __adddf3
                0x08001cac                __floatunsidf
                0x08001cac                __aeabi_ui2d
                0x08001ccc                __floatsidf
                0x08001ccc                __aeabi_i2d
                0x08001cf0                __aeabi_f2d
                0x08001cf0                __extendsfdf2
                0x08001d34                __floatundidf
                0x08001d34                __aeabi_ul2d
                0x08001d44                __floatdidf
                0x08001d44                __aeabi_l2d
 .text          0x08001da0      0x424 C:/arm-gnu-toolchain-15.2.rel1-mingw-w64-i686-arm-none-eabi/bin/../lib/gcc/arm-none-eabi/15.2.1/thumb/v7e-m+fp/hard\libgcc.a(_arm_muldivdf3.o)
                0x08001da0                __aeabi_dmul
                0x08001da0                __muldf3
                0x08001ff4                __divdf3
                0x08001ff4                __aeabi_ddiv
 .text          0x080021c4      0x110 C:/arm-gnu-toolchain-15.2.rel1-mingw-w64-i686-arm-none-eabi/bin/../lib/gcc/arm-none-eabi/15.2.1/thumb/v7e-m+fp/hard\libgcc.a(_arm_cmpdf2.o)
                0x080021c4                __gtdf2
                0x080021c4                __gedf2
                0x080021cc                __ltdf2
                0x080021cc                __ledf2
                0x080021d4                __nedf2
                0x080021d4                __eqdf2
                0x080021d4                __cmpdf2
                0x08002250                __aeabi_cdrcmple
                0x08002260                __aeabi_cdcmpeq
                0x08002260                __aeabi_cdcmple
                0x08002270                __aeabi_dcmpeq
                0x08002284                __aeabi_dcmplt
                0x08002298                __aeabi_dcmple
                0x080022ac                __aeabi_dcmpge
                0x080022c0                __aeabi_dcmpgt
 .text          0x080022d4       0x2c C:/arm-gnu-toolchain-15.2.rel1-mingw-w64-i686-arm-none-eabi/bin/../lib/gcc/arm-none-eabi/15.2.1/thumb/v7e-m+fp/hard\libgcc.a(_arm_unorddf2.o)
                0x080022d4                __unorddf2
                0x080022d4                __aeabi_dcmpun
 .text          0x08002300       0x50 C:/arm-gnu-toolchain-15.2.rel1-mingw-w64-i686-arm-none-eabi/bin/../lib/gcc/arm-none-eabi/15.2.1/thumb/v7e-m+fp/hard\libgcc.a(_arm_fixdfsi.o)
                0x08002300                __aeabi_d2iz
                0x08002300                __fixdfsi
 .text          0x08002350       0x40 C:/arm-gnu-toolchain-15.2.rel1-mingw-w64-i686-arm-none-eabi/bin/../lib/gcc/arm-none-eabi/15.2.1/thumb/v7e-m+fp/hard\libgcc.a(_arm_fixunsdfsi.o)
                0x08002350                __aeabi_d2uiz
                0x08002350                __fixunsdfsi
 .text          0x08002390        0x0 C:/arm-gnu-toolchain-15.2.rel1-mingw-w64-i686-arm-none-eabi/bin/../lib/gcc/arm-none-eabi/15.2.1/../../../../arm-none-eabi/lib/thumb/v7e-m+fp/hard\libnosys.a(_exit.o)
                0x08002390                        . = ALIGN (0x4)

.glue_7         0x08002390        0x0
 .glue_7        0x08002390        0x0 linker stubs

.glue_7t        0x08002390        0x0
 .glue_7t       0x08002390        0x0 linker stubs

.vfp11_veneer   0x08002390        0x0
 .vfp11_veneer  0x08002390        0x0 linker stubs

.v4_bx          0x08002390        0x0
 .v4_bx         0x08002390        0x0 linker stubs

.iplt           0x08002390        0x0
 .iplt          0x08002390        0x0 alarm.o

.text.__cvt     0x08002390       0xbe
 .text.__cvt    0x08002390       0xbe C:/arm-gnu-toolchain-15.2.rel1-mingw-w64-i686-arm-none-eabi/bin/../lib/gcc/arm-none-eabi/15.2.1/../../../../arm-none-eabi/lib/thumb/v7e-m+fp/hard\libc_nano.a(libc_a-nano-vfprintf_float.o)
                0x08002390                __cvt

.text.__exponent
                0x0800244e       0x76
 .text.__exponent
                0x0800244e       0x76 C:/arm-gnu-toolchain-15.2.rel1-mingw-w64-i686-arm-none-eabi/bin/../lib/gcc/arm-none-eabi/15.2.1/../../../../arm-none-eabi/lib/thumb/v7e-m+fp/hard\libc_nano.a(libc_a-nano-vfprintf_float.o)
                0x0800244e                __exponent

.text._printf_float
                0x080024c4      0x448
 .text._printf_float
                0x080024c4      0x448 C:/arm-gnu-toolchain-15.2.rel1-mingw-w64-i686-arm-none-eabi/bin/../lib/gcc/arm-none-eabi/15.2.1/../../../../arm-none-eabi/lib/thumb/v7e-m+fp/hard\libc_nano.a(libc_a-nano-vfprintf_float.o)
                0x080024c4                _printf_float

.text._printf_common
                0x0800290c       0xea
 .text._printf_common
                0x0800290c       0xea C:/arm-gnu-toolchain-15.2.rel1-mingw-w64-i686-arm-none-eabi/bin/../lib/gcc/arm-none-eabi/15.2.1/../../../../arm-none-eabi/lib/thumb/v7e-m+fp/hard\libc_nano.a(libc_a-nano-vfprintf_i.o)
                0x0800290c                _printf_common

.text._printf_i
                0x080029f8      0x254
 .text._printf_i
                0x080029f8      0x254 C:/arm-gnu-toolchain-15.2.rel1-mingw-w64-i686-arm-none-eabi/bin/../lib/gcc/arm-none-eabi/15.2.1/../../../../arm-none-eabi/lib/thumb/v7e-m+fp/hard\libc_nano.a(libc_a-nano-vfprintf_i.o)
                0x080029f8                _printf_i

.text._printf_r
                0x08002c4c       0x1c
 .text._printf_r
                0x08002c4c       0x1c C:/arm-gnu-toolchain-15.2.rel1-mingw-w64-i686-arm-none-eabi/bin/../lib/gcc/arm-none-eabi/15.2.1/../../../../arm-none-eabi/lib/thumb/v7e-m+fp/hard\libc_nano.a(libc_a-printf.o)
                0x08002c4c                _iprintf_r
                0x08002c4c                _printf_r

.text.printf    0x08002c68       0x24
 .text.printf   0x08002c68       0x24 C:/arm-gnu-toolchain-15.2.rel1-mingw-w64-i686-arm-none-eabi/bin/../lib/gcc/arm-none-eabi/15.2.1/../../../../arm-none-eabi/lib/thumb/v7e-m+fp/hard\libc_nano.a(libc_a-printf.o)
                0x08002c68                iprintf
                0x08002c68                printf

.text.setvbuf   0x08002c8c      0x168
 .text.setvbuf  0x08002c8c      0x168 C:/arm-gnu-toolchain-15.2.rel1-mingw-w64-i686-arm-none-eabi/bin/../lib/gcc/arm-none-eabi/15.2.1/../../../../arm-none-eabi/lib/thumb/v7e-m+fp/hard\libc_nano.a(libc_a-setvbuf.o)
                0x08002c8c                setvbuf

.text._sprintf_r
                0x08002df4       0x3c
 .text._sprintf_r
                0x08002df4       0x3c C:/arm-gnu-toolchain-15.2.rel1-mingw-w64-i686-arm-none-eabi/bin/../lib/gcc/arm-none-eabi/15.2.1/../../../../arm-none-eabi/lib/thumb/v7e-m+fp/hard\libc_nano.a(libc_a-sprintf.o)
                0x08002df4                _sprintf_r
                0x08002df4                _siprintf_r

.text.sprintf   0x08002e30       0x44
 .text.sprintf  0x08002e30       0x44 C:/arm-gnu-toolchain-15.2.rel1-mingw-w64-i686-arm-none-eabi/bin/../lib/gcc/arm-none-eabi/15.2.1/../../../../arm-none-eabi/lib/thumb/v7e-m+fp/hard\libc_nano.a(libc_a-sprintf.o)
                0x08002e30                siprintf
                0x08002e30                sprintf

.text.sscanf    0x08002e74       0x58
 .text.sscanf   0x08002e74       0x58 C:/arm-gnu-toolchain-15.2.rel1-mingw-w64-i686-arm-none-eabi/bin/../lib/gcc/arm-none-eabi/15.2.1/../../../../arm-none-eabi/lib/thumb/v7e-m+fp/hard\libc_nano.a(libc_a-sscanf.o)
                0x08002e74                siscanf
                0x08002e74                sscanf

.text._sscanf_r
                0x08002ecc       0x54
 .text._sscanf_r
                0x08002ecc       0x54 C:/arm-gnu-toolchain-15.2.rel1-mingw-w64-i686-arm-none-eabi/bin/../lib/gcc/arm-none-eabi/15.2.1/../../../../arm-none-eabi/lib/thumb/v7e-m+fp/hard\libc_nano.a(libc_a-sscanf.o)
                0x08002ecc                _sscanf_r
                0x08002ecc                _siscanf_r

.text.__sread   0x08002f20       0x22
 .text.__sread  0x08002f20       0x22 C:/arm-gnu-toolchain-15.2.rel1-mingw-w64-i686-arm-none-eabi/bin/../lib/gcc/arm-none-eabi/15.2.1/../../../../arm-none-eabi/lib/thumb/v7e-m+fp/hard\libc_nano.a(libc_a-stdio.o)
                0x08002f20                __sread

.text.__seofread
                0x08002f42        0x4
 .text.__seofread
                0x08002f42        0x4 C:/arm-gnu-toolchain-15.2.rel1-mingw-w64-i686-arm-none-eabi/bin/../lib/gcc/arm-none-eabi/15.2.1/../../../../arm-none-eabi/lib/thumb/v7e-m+fp/hard\libc_nano.a(libc_a-stdio.o)
                0x08002f42                __seofread

.text.__swrite  0x08002f46       0x38
 .text.__swrite
                0x08002f46       0x38 C:/arm-gnu-toolchain-15.2.rel1-mingw-w64-i686-arm-none-eabi/bin/../lib/gcc/arm-none-eabi/15.2.1/../../../../arm-none-eabi/lib/thumb/v7e-m+fp/hard\libc_nano.a(libc_a-stdio.o)
                0x08002f46                __swrite

.text.__sseek   0x08002f7e       0x26
 .text.__sseek  0x08002f7e       0x26 C:/arm-gnu-toolchain-15.2.rel1-mingw-w64-i686-arm-none-eabi/bin/../lib/gcc/arm-none-eabi/15.2.1/../../../../arm-none-eabi/lib/thumb/v7e-m+fp/hard\libc_nano.a(libc_a-stdio.o)
                0x08002f7e                __sseek

.text.__sclose  0x08002fa4        0x8
 .text.__sclose
                0x08002fa4        0x8 C:/arm-gnu-toolchain-15.2.rel1-mingw-w64-i686-arm-none-eabi/bin/../lib/gcc/arm-none-eabi/15.2.1/../../../../arm-none-eabi/lib/thumb/v7e-m+fp/hard\libc_nano.a(libc_a-stdio.o)
                0x08002fa4                __sclose

.text._vsprintf_r
                0x08002fac       0x2c
 .text._vsprintf_r
                0x08002fac       0x2c C:/arm-gnu-toolchain-15.2.rel1-mingw-w64-i686-arm-none-eabi/bin/../lib/gcc/arm-none-eabi/15.2.1/../../../../arm-none-eabi/lib/thumb/v7e-m+fp/hard\libc_nano.a(libc_a-vsprintf.o)
                0x08002fac                _vsprintf_r
                0x08002fac                _vsiprintf_r

.text.vsprintf  0x08002fd8       0x14
 .text.vsprintf
                0x08002fd8       0x14 C:/arm-gnu-toolchain-15.2.rel1-mingw-w64-i686-arm-none-eabi/bin/../lib/gcc/arm-none-eabi/15.2.1/../../../../arm-none-eabi/lib/thumb/v7e-m+fp/hard\libc_nano.a(libc_a-vsprintf.o)
                0x08002fd8                vsiprintf
                0x08002fd8                vsprintf

.text.__localeconv_l
                0x08002fec        0x4
 .text.__localeconv_l
                0x08002fec        0x4 C:/arm-gnu-toolchain-15.2.rel1-mingw-w64-i686-arm-none-eabi/bin/../lib/gcc/arm-none-eabi/15.2.1/../../../../arm-none-eabi/lib/thumb/v7e-m+fp/hard\libc_nano.a(libc_a-localeconv.o)
                0x08002fec                __localeconv_l

.text._localeconv_r
                0x08002ff0        0x8
 .text._localeconv_r
                0x08002ff0        0x8 C:/arm-gnu-toolchain-15.2.rel1-mingw-w64-i686-arm-none-eabi/bin/../lib/gcc/arm-none-eabi/15.2.1/../../../../arm-none-eabi/lib/thumb/v7e-m+fp/hard\libc_nano.a(libc_a-localeconv.o)
                0x08002ff0                _localeconv_r

.text.localeconv
                0x08002ff8        0x8
 .text.localeconv
                0x08002ff8        0x8 C:/arm-gnu-toolchain-15.2.rel1-mingw-w64-i686-arm-none-eabi/bin/../lib/gcc/arm-none-eabi/15.2.1/../../../../arm-none-eabi/lib/thumb/v7e-m+fp/hard\libc_nano.a(libc_a-localeconv.o)
                0x08002ff8                localeconv

.text._close_r  0x08003000       0x20
 .text._close_r
                0x08003000       0x20 C:/arm-gnu-toolchain-15.2.rel1-mingw-w64-i686-arm-none-eabi/bin/../lib/gcc/arm-none-eabi/15.2.1/../../../../arm-none-eabi/lib/thumb/v7e-m+fp/hard\libc_nano.a(libc_a-closer.o)
                0x08003000                _close_r

.text._reclaim_reent
                0x08003020       0xbc
 .text._reclaim_reent
                0x08003020       0xbc C:/arm-gnu-toolchain-15.2.rel1-mingw-w64-i686-arm-none-eabi/bin/../lib/gcc/arm-none-eabi/15.2.1/../../../../arm-none-eabi/lib/thumb/v7e-m+fp/hard\libc_nano.a(libc_a-reent.o)
                0x08003020                _reclaim_reent

.text._lseek_r  0x080030dc       0x24
 .text._lseek_r
                0x080030dc       0x24 C:/arm-gnu-toolchain-15.2.rel1-mingw-w64-i686-arm-none-eabi/bin/../lib/gcc/arm-none-eabi/15.2.1/../../../../arm-none-eabi/lib/thumb/v7e-m+fp/hard\libc_nano.a(libc_a-lseekr.o)
                0x080030dc                _lseek_r

.text._read_r   0x08003100       0x24
 .text._read_r  0x08003100       0x24 C:/arm-gnu-toolchain-15.2.rel1-mingw-w64-i686-arm-none-eabi/bin/../lib/gcc/arm-none-eabi/15.2.1/../../../../arm-none-eabi/lib/thumb/v7e-m+fp/hard\libc_nano.a(libc_a-readr.o)
                0x08003100                _read_r

.text._write_r  0x08003124       0x24
 .text._write_r
                0x08003124       0x24 C:/arm-gnu-toolchain-15.2.rel1-mingw-w64-i686-arm-none-eabi/bin/../lib/gcc/arm-none-eabi/15.2.1/../../../../arm-none-eabi/lib/thumb/v7e-m+fp/hard\libc_nano.a(libc_a-writer.o)
                0x08003124                _write_r

.text.__errno   0x08003148        0xc
 .text.__errno  0x08003148        0xc C:/arm-gnu-toolchain-15.2.rel1-mingw-w64-i686-arm-none-eabi/bin/../lib/gcc/arm-none-eabi/15.2.1/../../../../arm-none-eabi/lib/thumb/v7e-m+fp/hard\libc_nano.a(libc_a-errno.o)
                0x08003148                __errno

.text.__retarget_lock_init
                0x08003154        0x2
 .text.__retarget_lock_init
                0x08003154        0x2 C:/arm-gnu-toolchain-15.2.rel1-mingw-w64-i686-arm-none-eabi/bin/../lib/gcc/arm-none-eabi/15.2.1/../../../../arm-none-eabi/lib/thumb/v7e-m+fp/hard\libc_nano.a(libc_a-lock.o)
                0x08003154                __retarget_lock_init

.text.__retarget_lock_init_recursive
                0x08003156        0x2
 .text.__retarget_lock_init_recursive
                0x08003156        0x2 C:/arm-gnu-toolchain-15.2.rel1-mingw-w64-i686-arm-none-eabi/bin/../lib/gcc/arm-none-eabi/15.2.1/../../../../arm-none-eabi/lib/thumb/v7e-m+fp/hard\libc_nano.a(libc_a-lock.o)
                0x08003156                __retarget_lock_init_recursive

.text.__retarget_lock_close
                0x08003158        0x2
 .text.__retarget_lock_close
                0x08003158        0x2 C:/arm-gnu-toolchain-15.2.rel1-mingw-w64-i686-arm-none-eabi/bin/../lib/gcc/arm-none-eabi/15.2.1/../../../../arm-none-eabi/lib/thumb/v7e-m+fp/hard\libc_nano.a(libc_a-lock.o)
                0x08003158                __retarget_lock_close

.text.__retarget_lock_close_recursive
                0x0800315a        0x2
 .text.__retarget_lock_close_recursive
                0x0800315a        0x2 C:/arm-gnu-toolchain-15.2.rel1-mingw-w64-i686-arm-none-eabi/bin/../lib/gcc/arm-none-eabi/15.2.1/../../../../arm-none-eabi/lib/thumb/v7e-m+fp/hard\libc_nano.a(libc_a-lock.o)
                0x0800315a                __retarget_lock_close_recursive

.text.__retarget_lock_acquire
                0x0800315c        0x2
 .text.__retarget_lock_acquire
                0x0800315c        0x2 C:/arm-gnu-toolchain-15.2.rel1-mingw-w64-i686-arm-none-eabi/bin/../lib/gcc/arm-none-eabi/15.2.1/../../../../arm-none-eabi/lib/thumb/v7e-m+fp/hard\libc_nano.a(libc_a-lock.o)
                0x0800315c                __retarget_lock_acquire

.text.__retarget_lock_acquire_recursive
                0x0800315e        0x2
 .text.__retarget_lock_acquire_recursive
                0x0800315e        0x2 C:/arm-gnu-toolchain-15.2.rel1-mingw-w64-i686-arm-none-eabi/bin/../lib/gcc/arm-none-eabi/15.2.1/../../../../arm-none-eabi/lib/thumb/v7e-m+fp/hard\libc_nano.a(libc_a-lock.o)
                0x0800315e                __retarget_lock_acquire_recursive

.text.__retarget_lock_try_acquire
                0x08003160        0x4
 .text.__retarget_lock_try_acquire
                0x08003160        0x4 C:/arm-gnu-toolchain-15.2.rel1-mingw-w64-i686-arm-none-eabi/bin/../lib/gcc/arm-none-eabi/15.2.1/../../../../arm-none-eabi/lib/thumb/v7e-m+fp/hard\libc_nano.a(libc_a-lock.o)
                0x08003160                __retarget_lock_try_acquire

.text.__retarget_lock_try_acquire_recursive
                0x08003164        0x4
 .text.__retarget_lock_try_acquire_recursive
                0x08003164        0x4 C:/arm-gnu-toolchain-15.2.rel1-mingw-w64-i686-arm-none-eabi/bin/../lib/gcc/arm-none-eabi/15.2.1/../../../../arm-none-eabi/lib/thumb/v7e-m+fp/hard\libc_nano.a(libc_a-lock.o)
                0x08003164                __retarget_lock_try_acquire_recursive

.text.__retarget_lock_release
                0x08003168        0x2
 .text.__retarget_lock_release
                0x08003168        0x2 C:/arm-gnu-toolchain-15.2.rel1-mingw-w64-i686-arm-none-eabi/bin/../lib/gcc/arm-none-eabi/15.2.1/../../../../arm-none-eabi/lib/thumb/v7e-m+fp/hard\libc_nano.a(libc_a-lock.o)
                0x08003168                __retarget_lock_release

.text.__retarget_lock_release_recursive
                0x0800316a        0x2
 .text.__retarget_lock_release_recursive
                0x0800316a        0x2 C:/arm-gnu-toolchain-15.2.rel1-mingw-w64-i686-arm-none-eabi/bin/../lib/gcc/arm-none-eabi/15.2.1/../../../../arm-none-eabi/lib/thumb/v7e-m+fp/hard\libc_nano.a(libc_a-lock.o)
                0x0800316a                __retarget_lock_release_recursive

.text.quorem    0x0800316c      0x110
 .text.quorem   0x0800316c      0x110 C:/arm-gnu-toolchain-15.2.rel1-mingw-w64-i686-arm-none-eabi/bin/../lib/gcc/arm-none-eabi/15.2.1/../../../../arm-none-eabi/lib/thumb/v7e-m+fp/hard\libc_nano.a(libc_a-dtoa.o)

.text._dtoa_r   0x08003280      0xbac
 .text._dtoa_r  0x08003280      0xbac C:/arm-gnu-toolchain-15.2.rel1-mingw-w64-i686-arm-none-eabi/bin/../lib/gcc/arm-none-eabi/15.2.1/../../../../arm-none-eabi/lib/thumb/v7e-m+fp/hard\libc_nano.a(libc_a-dtoa.o)
                0x08003280                _dtoa_r

.text._free_r   0x08003e2c       0x98
 .text._free_r  0x08003e2c       0x98 C:/arm-gnu-toolchain-15.2.rel1-mingw-w64-i686-arm-none-eabi/bin/../lib/gcc/arm-none-eabi/15.2.1/../../../../arm-none-eabi/lib/thumb/v7e-m+fp/hard\libc_nano.a(libc_a-freer.o)
                0x08003e2c                _free_r

.text.malloc    0x08003ec4       0x10
 .text.malloc   0x08003ec4       0x10 C:/arm-gnu-toolchain-15.2.rel1-mingw-w64-i686-arm-none-eabi/bin/../lib/gcc/arm-none-eabi/15.2.1/../../../../arm-none-eabi/lib/thumb/v7e-m+fp/hard\libc_nano.a(libc_a-malloc.o)
                0x08003ec4                malloc

.text.free      0x08003ed4       0x10
 .text.free     0x08003ed4       0x10 C:/arm-gnu-toolchain-15.2.rel1-mingw-w64-i686-arm-none-eabi/bin/../lib/gcc/arm-none-eabi/15.2.1/../../../../arm-none-eabi/lib/thumb/v7e-m+fp/hard\libc_nano.a(libc_a-malloc.o)
                0x08003ed4                free

.text.sbrk_aligned
                0x08003ee4       0x44
 .text.sbrk_aligned
                0x08003ee4       0x44 C:/arm-gnu-toolchain-15.2.rel1-mingw-w64-i686-arm-none-eabi/bin/../lib/gcc/arm-none-eabi/15.2.1/../../../../arm-none-eabi/lib/thumb/v7e-m+fp/hard\libc_nano.a(libc_a-mallocr.o)

.text._malloc_r
                0x08003f28       0xf8
 .text._malloc_r
                0x08003f28       0xf8 C:/arm-gnu-toolchain-15.2.rel1-mingw-w64-i686-arm-none-eabi/bin/../lib/gcc/arm-none-eabi/15.2.1/../../../../arm-none-eabi/lib/thumb/v7e-m+fp/hard\libc_nano.a(libc_a-mallocr.o)
                0x08003f28                _malloc_r

.text.__malloc_lock
                0x08004020        0xc
 .text.__malloc_lock
                0x08004020        0xc C:/arm-gnu-toolchain-15.2.rel1-mingw-w64-i686-arm-none-eabi/bin/../lib/gcc/arm-none-eabi/15.2.1/../../../../arm-none-eabi/lib/thumb/v7e-m+fp/hard\libc_nano.a(libc_a-mlock.o)
                0x08004020                __malloc_lock

.text.__malloc_unlock
                0x0800402c        0xc
 .text.__malloc_unlock
                0x0800402c        0xc C:/arm-gnu-toolchain-15.2.rel1-mingw-w64-i686-arm-none-eabi/bin/../lib/gcc/arm-none-eabi/15.2.1/../../../../arm-none-eabi/lib/thumb/v7e-m+fp/hard\libc_nano.a(libc_a-mlock.o)
                0x0800402c                __malloc_unlock

.text._Balloc   0x08004038       0x7c
 .text._Balloc  0x08004038       0x7c C:/arm-gnu-toolchain-15.2.rel1-mingw-w64-i686-arm-none-eabi/bin/../lib/gcc/arm-none-eabi/15.2.1/../../../../arm-none-eabi/lib/thumb/v7e-m+fp/hard\libc_nano.a(libc_a-mprec.o)
                0x08004038                _Balloc

.text._Bfree    0x080040b4       0x44
 .text._Bfree   0x080040b4       0x44 C:/arm-gnu-toolchain-15.2.rel1-mingw-w64-i686-arm-none-eabi/bin/../lib/gcc/arm-none-eabi/15.2.1/../../../../arm-none-eabi/lib/thumb/v7e-m+fp/hard\libc_nano.a(libc_a-mprec.o)
                0x080040b4                _Bfree

.text.__multadd
                0x080040f8       0x8c
 .text.__multadd
                0x080040f8       0x8c C:/arm-gnu-toolchain-15.2.rel1-mingw-w64-i686-arm-none-eabi/bin/../lib/gcc/arm-none-eabi/15.2.1/../../../../arm-none-eabi/lib/thumb/v7e-m+fp/hard\libc_nano.a(libc_a-mprec.o)
                0x080040f8                __multadd

.text.__s2b     0x08004184       0x94
 .text.__s2b    0x08004184       0x94 C:/arm-gnu-toolchain-15.2.rel1-mingw-w64-i686-arm-none-eabi/bin/../lib/gcc/arm-none-eabi/15.2.1/../../../../arm-none-eabi/lib/thumb/v7e-m+fp/hard\libc_nano.a(libc_a-mprec.o)
                0x08004184                __s2b

.text.__hi0bits
                0x08004218       0x3c
 .text.__hi0bits
                0x08004218       0x3c C:/arm-gnu-toolchain-15.2.rel1-mingw-w64-i686-arm-none-eabi/bin/../lib/gcc/arm-none-eabi/15.2.1/../../../../arm-none-eabi/lib/thumb/v7e-m+fp/hard\libc_nano.a(libc_a-mprec.o)
                0x08004218                __hi0bits

.text.__lo0bits
                0x08004254       0x5c
 .text.__lo0bits
                0x08004254       0x5c C:/arm-gnu-toolchain-15.2.rel1-mingw-w64-i686-arm-none-eabi/bin/../lib/gcc/arm-none-eabi/15.2.1/../../../../arm-none-eabi/lib/thumb/v7e-m+fp/hard\libc_nano.a(libc_a-mprec.o)
                0x08004254                __lo0bits

.text.__i2b     0x080042b0       0x2c
 .text.__i2b    0x080042b0       0x2c C:/arm-gnu-toolchain-15.2.rel1-mingw-w64-i686-arm-none-eabi/bin/../lib/gcc/arm-none-eabi/15.2.1/../../../../arm-none-eabi/lib/thumb/v7e-m+fp/hard\libc_nano.a(libc_a-mprec.o)
                0x080042b0                __i2b

.text.__multiply
                0x080042dc      0x16c
 .text.__multiply
                0x080042dc      0x16c C:/arm-gnu-toolchain-15.2.rel1-mingw-w64-i686-arm-none-eabi/bin/../lib/gcc/arm-none-eabi/15.2.1/../../../../arm-none-eabi/lib/thumb/v7e-m+fp/hard\libc_nano.a(libc_a-mprec.o)
                0x080042dc                __multiply

.text.__pow5mult
                0x08004448       0xb8
 .text.__pow5mult
                0x08004448       0xb8 C:/arm-gnu-toolchain-15.2.rel1-mingw-w64-i686-arm-none-eabi/bin/../lib/gcc/arm-none-eabi/15.2.1/../../../../arm-none-eabi/lib/thumb/v7e-m+fp/hard\libc_nano.a(libc_a-mprec.o)
                0x08004448                __pow5mult

.text.__lshift  0x08004500       0xe4
 .text.__lshift
                0x08004500       0xe4 C:/arm-gnu-toolchain-15.2.rel1-mingw-w64-i686-arm-none-eabi/bin/../lib/gcc/arm-none-eabi/15.2.1/../../../../arm-none-eabi/lib/thumb/v7e-m+fp/hard\libc_nano.a(libc_a-mprec.o)
                0x08004500                __lshift

.text.__mcmp    0x080045e4       0x36
 .text.__mcmp   0x080045e4       0x36 C:/arm-gnu-toolchain-15.2.rel1-mingw-w64-i686-arm-none-eabi/bin/../lib/gcc/arm-none-eabi/15.2.1/../../../../arm-none-eabi/lib/thumb/v7e-m+fp/hard\libc_nano.a(libc_a-mprec.o)
                0x080045e4                __mcmp

.text.__mdiff   0x0800461c      0x130
 .text.__mdiff  0x0800461c      0x130 C:/arm-gnu-toolchain-15.2.rel1-mingw-w64-i686-arm-none-eabi/bin/../lib/gcc/arm-none-eabi/15.2.1/../../../../arm-none-eabi/lib/thumb/v7e-m+fp/hard\libc_nano.a(libc_a-mprec.o)
                0x0800461c                __mdiff

.text.__ulp     0x0800474c       0x4c
 .text.__ulp    0x0800474c       0x4c C:/arm-gnu-toolchain-15.2.rel1-mingw-w64-i686-arm-none-eabi/bin/../lib/gcc/arm-none-eabi/15.2.1/../../../../arm-none-eabi/lib/thumb/v7e-m+fp/hard\libc_nano.a(libc_a-mprec.o)
                0x0800474c                __ulp

.text.__b2d     0x08004798       0x92
 .text.__b2d    0x08004798       0x92 C:/arm-gnu-toolchain-15.2.rel1-mingw-w64-i686-arm-none-eabi/bin/../lib/gcc/arm-none-eabi/15.2.1/../../../../arm-none-eabi/lib/thumb/v7e-m+fp/hard\libc_nano.a(libc_a-mprec.o)
                0x08004798                __b2d

.text.__d2b     0x0800482c       0xb0
 .text.__d2b    0x0800482c       0xb0 C:/arm-gnu-toolchain-15.2.rel1-mingw-w64-i686-arm-none-eabi/bin/../lib/gcc/arm-none-eabi/15.2.1/../../../../arm-none-eabi/lib/thumb/v7e-m+fp/hard\libc_nano.a(libc_a-mprec.o)
                0x0800482c                __d2b

.text.__ratio   0x080048dc       0x62
 .text.__ratio  0x080048dc       0x62 C:/arm-gnu-toolchain-15.2.rel1-mingw-w64-i686-arm-none-eabi/bin/../lib/gcc/arm-none-eabi/15.2.1/../../../../arm-none-eabi/lib/thumb/v7e-m+fp/hard\libc_nano.a(libc_a-mprec.o)
                0x080048dc                __ratio

.text._mprec_log10
                0x08004940       0x3c
 .text._mprec_log10
                0x08004940       0x3c C:/arm-gnu-toolchain-15.2.rel1-mingw-w64-i686-arm-none-eabi/bin/../lib/gcc/arm-none-eabi/15.2.1/../../../../arm-none-eabi/lib/thumb/v7e-m+fp/hard\libc_nano.a(libc_a-mprec.o)
                0x08004940                _mprec_log10

.text.__copybits
                0x0800497c       0x46
 .text.__copybits
                0x0800497c       0x46 C:/arm-gnu-toolchain-15.2.rel1-mingw-w64-i686-arm-none-eabi/bin/../lib/gcc/arm-none-eabi/15.2.1/../../../../arm-none-eabi/lib/thumb/v7e-m+fp/hard\libc_nano.a(libc_a-mprec.o)
                0x0800497c                __copybits

.text.__any_on  0x080049c2       0x42
 .text.__any_on
                0x080049c2       0x42 C:/arm-gnu-toolchain-15.2.rel1-mingw-w64-i686-arm-none-eabi/bin/../lib/gcc/arm-none-eabi/15.2.1/../../../../arm-none-eabi/lib/thumb/v7e-m+fp/hard\libc_nano.a(libc_a-mprec.o)
                0x080049c2                __any_on

.text.__ssputs_r
                0x08004a04       0xc0
 .text.__ssputs_r
                0x08004a04       0xc0 C:/arm-gnu-toolchain-15.2.rel1-mingw-w64-i686-arm-none-eabi/bin/../lib/gcc/arm-none-eabi/15.2.1/../../../../arm-none-eabi/lib/thumb/v7e-m+fp/hard\libc_nano.a(libc_a-nano-svfprintf.o)
                0x08004a04                __ssputs_r

.text.__ssprint_r
                0x08004ac4       0xf4
 .text.__ssprint_r
                0x08004ac4       0xf4 C:/arm-gnu-toolchain-15.2.rel1-mingw-w64-i686-arm-none-eabi/bin/../lib/gcc/arm-none-eabi/15.2.1/../../../../arm-none-eabi/lib/thumb/v7e-m+fp/hard\libc_nano.a(libc_a-nano-svfprintf.o)
                0x08004ac4                __ssprint_r

.text._svfprintf_r
                0x08004bb8      0x1f0
 .text._svfprintf_r
                0x08004bb8      0x1f0 C:/arm-gnu-toolchain-15.2.rel1-mingw-w64-i686-arm-none-eabi/bin/../lib/gcc/arm-none-eabi/15.2.1/../../../../arm-none-eabi/lib/thumb/v7e-m+fp/hard\libc_nano.a(libc_a-nano-svfprintf.o)
                0x08004bb8                _svfiprintf_r
                0x08004bb8                _svfprintf_r

.text._sungetc_r
                0x08004da8       0x7a
 .text._sungetc_r
                0x08004da8       0x7a C:/arm-gnu-toolchain-15.2.rel1-mingw-w64-i686-arm-none-eabi/bin/../lib/gcc/arm-none-eabi/15.2.1/../../../../arm-none-eabi/lib/thumb/v7e-m+fp/hard\libc_nano.a(libc_a-nano-svfscanf.o)
                0x08004da8                _sungetc_r

.text.__ssrefill_r
                0x08004e22       0x3a
 .text.__ssrefill_r
                0x08004e22       0x3a C:/arm-gnu-toolchain-15.2.rel1-mingw-w64-i686-arm-none-eabi/bin/../lib/gcc/arm-none-eabi/15.2.1/../../../../arm-none-eabi/lib/thumb/v7e-m+fp/hard\libc_nano.a(libc_a-nano-svfscanf.o)
                0x08004e22                __ssrefill_r

.text.__ssvfscanf_r
                0x08004e5c      0x2e8
 .text.__ssvfscanf_r
                0x08004e5c      0x2e8 C:/arm-gnu-toolchain-15.2.rel1-mingw-w64-i686-arm-none-eabi/bin/../lib/gcc/arm-none-eabi/15.2.1/../../../../arm-none-eabi/lib/thumb/v7e-m+fp/hard\libc_nano.a(libc_a-nano-svfscanf.o)
                0x08004e5c                __ssvfiscanf_r
                0x08004e5c                __ssvfscanf_r

.text.__sfputc_r
                0x08005144       0x2a
 .text.__sfputc_r
                0x08005144       0x2a C:/arm-gnu-toolchain-15.2.rel1-mingw-w64-i686-arm-none-eabi/bin/../lib/gcc/arm-none-eabi/15.2.1/../../../../arm-none-eabi/lib/thumb/v7e-m+fp/hard\libc_nano.a(libc_a-nano-vfprintf.o)

.text.__sfputs_r
                0x0800516e       0x24
 .text.__sfputs_r
                0x0800516e       0x24 C:/arm-gnu-toolchain-15.2.rel1-mingw-w64-i686-arm-none-eabi/bin/../lib/gcc/arm-none-eabi/15.2.1/../../../../arm-none-eabi/lib/thumb/v7e-m+fp/hard\libc_nano.a(libc_a-nano-vfprintf.o)
                0x0800516e                __sfputs_r

.text.__sprint_r
                0x08005192       0x1a
 .text.__sprint_r
                0x08005192       0x1a C:/arm-gnu-toolchain-15.2.rel1-mingw-w64-i686-arm-none-eabi/bin/../lib/gcc/arm-none-eabi/15.2.1/../../../../arm-none-eabi/lib/thumb/v7e-m+fp/hard\libc_nano.a(libc_a-nano-vfprintf.o)
                0x08005192                __sprint_r

.text._vfprintf_r
                0x080051ac      0x228
 .text._vfprintf_r
                0x080051ac      0x228 C:/arm-gnu-toolchain-15.2.rel1-mingw-w64-i686-arm-none-eabi/bin/../lib/gcc/arm-none-eabi/15.2.1/../../../../arm-none-eabi/lib/thumb/v7e-m+fp/hard\libc_nano.a(libc_a-nano-vfprintf.o)
                0x080051ac                _vfprintf_r
                0x080051ac                _vfiprintf_r

.text.vfprintf  0x080053d4       0x14
 .text.vfprintf
                0x080053d4       0x14 C:/arm-gnu-toolchain-15.2.rel1-mingw-w64-i686-arm-none-eabi/bin/../lib/gcc/arm-none-eabi/15.2.1/../../../../arm-none-eabi/lib/thumb/v7e-m+fp/hard\libc_nano.a(libc_a-nano-vfprintf.o)
                0x080053d4                vfprintf
                0x080053d4                vfiprintf

.text._scanf_chars
                0x080053e8       0xb4
 .text._scanf_chars
                0x080053e8       0xb4 C:/arm-gnu-toolchain-15.2.rel1-mingw-w64-i686-arm-none-eabi/bin/../lib/gcc/arm-none-eabi/15.2.1/../../../../arm-none-eabi/lib/thumb/v7e-m+fp/hard\libc_nano.a(libc_a-nano-vfscanf_i.o)
                0x080053e8                _scanf_chars

.text._scanf_i  0x0800549c      0x1d8
 .text._scanf_i
                0x0800549c      0x1d8 C:/arm-gnu-toolchain-15.2.rel1-mingw-w64-i686-arm-none-eabi/bin/../lib/gcc/arm-none-eabi/15.2.1/../../../../arm-none-eabi/lib/thumb/v7e-m+fp/hard\libc_nano.a(libc_a-nano-vfscanf_i.o)
                0x0800549c                _scanf_i

.text.__sflush_r
                0x08005674      0x100
 .text.__sflush_r
                0x08005674      0x100 C:/arm-gnu-toolchain-15.2.rel1-mingw-w64-i686-arm-none-eabi/bin/../lib/gcc/arm-none-eabi/15.2.1/../../../../arm-none-eabi/lib/thumb/v7e-m+fp/hard\libc_nano.a(libc_a-fflush.o)
                0x08005674                __sflush_r

.text._fflush_r
                0x08005774       0x50
 .text._fflush_r
                0x08005774       0x50 C:/arm-gnu-toolchain-15.2.rel1-mingw-w64-i686-arm-none-eabi/bin/../lib/gcc/arm-none-eabi/15.2.1/../../../../arm-none-eabi/lib/thumb/v7e-m+fp/hard\libc_nano.a(libc_a-fflush.o)
                0x08005774                _fflush_r

.text.fflush    0x080057c4       0x28
 .text.fflush   0x080057c4       0x28 C:/arm-gnu-toolchain-15.2.rel1-mingw-w64-i686-arm-none-eabi/bin/../lib/gcc/arm-none-eabi/15.2.1/../../../../arm-none-eabi/lib/thumb/v7e-m+fp/hard\libc_nano.a(libc_a-fflush.o)
                0x080057c4                fflush

.text.std       0x080057ec       0x6c
 .text.std      0x080057ec       0x6c C:/arm-gnu-toolchain-15.2.rel1-mingw-w64-i686-arm-none-eabi/bin/../lib/gcc/arm-none-eabi/15.2.1/../../../../arm-none-eabi/lib/thumb/v7e-m+fp/hard\libc_nano.a(libc_a-findfp.o)

.text.stdio_exit_handler
                0x08005858       0x18
 .text.stdio_exit_handler
                0x08005858       0x18 C:/arm-gnu-toolchain-15.2.rel1-mingw-w64-i686-arm-none-eabi/bin/../lib/gcc/arm-none-eabi/15.2.1/../../../../arm-none-eabi/lib/thumb/v7e-m+fp/hard\libc_nano.a(libc_a-findfp.o)

.text.cleanup_stdio
                0x08005870       0x40
 .text.cleanup_stdio
                0x08005870       0x40 C:/arm-gnu-toolchain-15.2.rel1-mingw-w64-i686-arm-none-eabi/bin/../lib/gcc/arm-none-eabi/15.2.1/../../../../arm-none-eabi/lib/thumb/v7e-m+fp/hard\libc_nano.a(libc_a-findfp.o)

.text.__fp_lock
                0x080058b0       0x18
 .text.__fp_lock
                0x080058b0       0x18 C:/arm-gnu-toolchain-15.2.rel1-mingw-w64-i686-arm-none-eabi/bin/../lib/gcc/arm-none-eabi/15.2.1/../../../../arm-none-eabi/lib/thumb/v7e-m+fp/hard\libc_nano.a(libc_a-findfp.o)

.text.__fp_unlock
                0x080058c8       0x18
 .text.__fp_unlock
                0x080058c8       0x18 C:/arm-gnu-toolchain-15.2.rel1-mingw-w64-i686-arm-none-eabi/bin/../lib/gcc/arm-none-eabi/15.2.1/../../../../arm-none-eabi/lib/thumb/v7e-m+fp/hard\libc_nano.a(libc_a-findfp.o)

.text.global_stdio_init.part.0
                0x080058e0       0x40
 .text.global_stdio_init.part.0
                0x080058e0       0x40 C:/arm-gnu-toolchain-15.2.rel1-mingw-w64-i686-arm-none-eabi/bin/../lib/gcc/arm-none-eabi/15.2.1/../../../../arm-none-eabi/lib/thumb/v7e-m+fp/hard\libc_nano.a(libc_a-findfp.o)

.text.__sfp_lock_acquire
                0x08005920        0xc
 .text.__sfp_lock_acquire
                0x08005920        0xc C:/arm-gnu-toolchain-15.2.rel1-mingw-w64-i686-arm-none-eabi/bin/../lib/gcc/arm-none-eabi/15.2.1/../../../../arm-none-eabi/lib/thumb/v7e-m+fp/hard\libc_nano.a(libc_a-findfp.o)
                0x08005920                __sfp_lock_acquire

.text.__sfp_lock_release
                0x0800592c        0xc
 .text.__sfp_lock_release
                0x0800592c        0xc C:/arm-gnu-toolchain-15.2.rel1-mingw-w64-i686-arm-none-eabi/bin/../lib/gcc/arm-none-eabi/15.2.1/../../../../arm-none-eabi/lib/thumb/v7e-m+fp/hard\libc_nano.a(libc_a-findfp.o)
                0x0800592c                __sfp_lock_release

.text.__sfp     0x08005938       0xa4
 .text.__sfp    0x08005938       0xa4 C:/arm-gnu-toolchain-15.2.rel1-mingw-w64-i686-arm-none-eabi/bin/../lib/gcc/arm-none-eabi/15.2.1/../../../../arm-none-eabi/lib/thumb/v7e-m+fp/hard\libc_nano.a(libc_a-findfp.o)
                0x08005938                __sfp

.text.__sinit   0x080059dc       0x30
 .text.__sinit  0x080059dc       0x30 C:/arm-gnu-toolchain-15.2.rel1-mingw-w64-i686-arm-none-eabi/bin/../lib/gcc/arm-none-eabi/15.2.1/../../../../arm-none-eabi/lib/thumb/v7e-m+fp/hard\libc_nano.a(libc_a-findfp.o)
                0x080059dc                __sinit

.text.__fp_lock_all
                0x08005a0c       0x1c
 .text.__fp_lock_all
                0x08005a0c       0x1c C:/arm-gnu-toolchain-15.2.rel1-mingw-w64-i686-arm-none-eabi/bin/../lib/gcc/arm-none-eabi/15.2.1/../../../../arm-none-eabi/lib/thumb/v7e-m+fp/hard\libc_nano.a(libc_a-findfp.o)
                0x08005a0c                __fp_lock_all

.text.__fp_unlock_all
                0x08005a28       0x1c
 .text.__fp_unlock_all
                0x08005a28       0x1c C:/arm-gnu-toolchain-15.2.rel1-mingw-w64-i686-arm-none-eabi/bin/../lib/gcc/arm-none-eabi/15.2.1/../../../../arm-none-eabi/lib/thumb/v7e-m+fp/hard\libc_nano.a(libc_a-findfp.o)
                0x08005a28                __fp_unlock_all

.text.__sfvwrite_r
                0x08005a44      0x2a0
 .text.__sfvwrite_r
                0x08005a44      0x2a0 C:/arm-gnu-toolchain-15.2.rel1-mingw-w64-i686-arm-none-eabi/bin/../lib/gcc/arm-none-eabi/15.2.1/../../../../arm-none-eabi/lib/thumb/v7e-m+fp/hard\libc_nano.a(libc_a-fvwrite.o)
                0x08005a44                __sfvwrite_r

.text._fwalk_sglue
                0x08005ce4       0x3a
 .text._fwalk_sglue
                0x08005ce4       0x3a C:/arm-gnu-toolchain-15.2.rel1-mingw-w64-i686-arm-none-eabi/bin/../lib/gcc/arm-none-eabi/15.2.1/../../../../arm-none-eabi/lib/thumb/v7e-m+fp/hard\libc_nano.a(libc_a-fwalk.o)
                0x08005ce4                _fwalk_sglue

.text.__swhatbuf_r
                0x08005d1e       0x48
 .text.__swhatbuf_r
                0x08005d1e       0x48 C:/arm-gnu-toolchain-15.2.rel1-mingw-w64-i686-arm-none-eabi/bin/../lib/gcc/arm-none-eabi/15.2.1/../../../../arm-none-eabi/lib/thumb/v7e-m+fp/hard\libc_nano.a(libc_a-makebuf.o)
                0x08005d1e                __swhatbuf_r

.text.__smakebuf_r
                0x08005d66       0x72
 .text.__smakebuf_r
                0x08005d66       0x72 C:/arm-gnu-toolchain-15.2.rel1-mingw-w64-i686-arm-none-eabi/bin/../lib/gcc/arm-none-eabi/15.2.1/../../../../arm-none-eabi/lib/thumb/v7e-m+fp/hard\libc_nano.a(libc_a-makebuf.o)
                0x08005d66                __smakebuf_r

.text.__sccl    0x08005dd8       0x72
 .text.__sccl   0x08005dd8       0x72 C:/arm-gnu-toolchain-15.2.rel1-mingw-w64-i686-arm-none-eabi/bin/../lib/gcc/arm-none-eabi/15.2.1/../../../../arm-none-eabi/lib/thumb/v7e-m+fp/hard\libc_nano.a(libc_a-sccl.o)
                0x08005dd8                __sccl

.text.__submore
                0x08005e4a       0x74
 .text.__submore
                0x08005e4a       0x74 C:/arm-gnu-toolchain-15.2.rel1-mingw-w64-i686-arm-none-eabi/bin/../lib/gcc/arm-none-eabi/15.2.1/../../../../arm-none-eabi/lib/thumb/v7e-m+fp/hard\libc_nano.a(libc_a-ungetc.o)
                0x08005e4a                __submore

.text._ungetc_r
                0x08005ebe      0x100
 .text._ungetc_r
                0x08005ebe      0x100 C:/arm-gnu-toolchain-15.2.rel1-mingw-w64-i686-arm-none-eabi/bin/../lib/gcc/arm-none-eabi/15.2.1/../../../../arm-none-eabi/lib/thumb/v7e-m+fp/hard\libc_nano.a(libc_a-ungetc.o)
                0x08005ebe                _ungetc_r

.text.ungetc    0x08005fc0       0x10
 .text.ungetc   0x08005fc0       0x10 C:/arm-gnu-toolchain-15.2.rel1-mingw-w64-i686-arm-none-eabi/bin/../lib/gcc/arm-none-eabi/15.2.1/../../../../arm-none-eabi/lib/thumb/v7e-m+fp/hard\libc_nano.a(libc_a-ungetc.o)
                0x08005fc0                ungetc

.text.__swbuf_r
                0x08005fd0       0x7a
 .text.__swbuf_r
                0x08005fd0       0x7a C:/arm-gnu-toolchain-15.2.rel1-mingw-w64-i686-arm-none-eabi/bin/../lib/gcc/arm-none-eabi/15.2.1/../../../../arm-none-eabi/lib/thumb/v7e-m+fp/hard\libc_nano.a(libc_a-wbuf.o)
                0x08005fd0                __swbuf_r

.text.__swbuf   0x0800604c       0x10
 .text.__swbuf  0x0800604c       0x10 C:/arm-gnu-toolchain-15.2.rel1-mingw-w64-i686-arm-none-eabi/bin/../lib/gcc/arm-none-eabi/15.2.1/../../../../arm-none-eabi/lib/thumb/v7e-m+fp/hard\libc_nano.a(libc_a-wbuf.o)
                0x0800604c                __swbuf

.text.__swsetup_r
                0x0800605c       0xa8
 .text.__swsetup_r
                0x0800605c       0xa8 C:/arm-gnu-toolchain-15.2.rel1-mingw-w64-i686-arm-none-eabi/bin/../lib/gcc/arm-none-eabi/15.2.1/../../../../arm-none-eabi/lib/thumb/v7e-m+fp/hard\libc_nano.a(libc_a-wsetup.o)
                0x0800605c                __swsetup_r

.text.memmove   0x08006104       0x32
 .text.memmove  0x08006104       0x32 C:/arm-gnu-toolchain-15.2.rel1-mingw-w64-i686-arm-none-eabi/bin/../lib/gcc/arm-none-eabi/15.2.1/../../../../arm-none-eabi/lib/thumb/v7e-m+fp/hard\libc_nano.a(libc_a-memmove.o)
                0x08006104                memmove

.text.memset    0x08006136       0x10
 .text.memset   0x08006136       0x10 C:/arm-gnu-toolchain-15.2.rel1-mingw-w64-i686-arm-none-eabi/bin/../lib/gcc/arm-none-eabi/15.2.1/../../../../arm-none-eabi/lib/thumb/v7e-m+fp/hard\libc_nano.a(libc_a-memset.o)
                0x08006136                memset

.text._setlocale_r
                0x08006148       0x3c
 .text._setlocale_r
                0x08006148       0x3c C:/arm-gnu-toolchain-15.2.rel1-mingw-w64-i686-arm-none-eabi/bin/../lib/gcc/arm-none-eabi/15.2.1/../../../../arm-none-eabi/lib/thumb/v7e-m+fp/hard\libc_nano.a(libc_a-locale.o)
                0x08006148                _setlocale_r

.text.__locale_mb_cur_max
                0x08006184        0xc
 .text.__locale_mb_cur_max
                0x08006184        0xc C:/arm-gnu-toolchain-15.2.rel1-mingw-w64-i686-arm-none-eabi/bin/../lib/gcc/arm-none-eabi/15.2.1/../../../../arm-none-eabi/lib/thumb/v7e-m+fp/hard\libc_nano.a(libc_a-locale.o)
                0x08006184                __locale_mb_cur_max

.text.setlocale
                0x08006190       0x10
 .text.setlocale
                0x08006190       0x10 C:/arm-gnu-toolchain-15.2.rel1-mingw-w64-i686-arm-none-eabi/bin/../lib/gcc/arm-none-eabi/15.2.1/../../../../arm-none-eabi/lib/thumb/v7e-m+fp/hard\libc_nano.a(libc_a-locale.o)
                0x08006190                setlocale

.text._fstat_r  0x080061a0       0x24
 .text._fstat_r
                0x080061a0       0x24 C:/arm-gnu-toolchain-15.2.rel1-mingw-w64-i686-arm-none-eabi/bin/../lib/gcc/arm-none-eabi/15.2.1/../../../../arm-none-eabi/lib/thumb/v7e-m+fp/hard\libc_nano.a(libc_a-fstatr.o)
                0x080061a0                _fstat_r

.text._isatty_r
                0x080061c4       0x20
 .text._isatty_r
                0x080061c4       0x20 C:/arm-gnu-toolchain-15.2.rel1-mingw-w64-i686-arm-none-eabi/bin/../lib/gcc/arm-none-eabi/15.2.1/../../../../arm-none-eabi/lib/thumb/v7e-m+fp/hard\libc_nano.a(libc_a-isattyr.o)
                0x080061c4                _isatty_r

.text._sbrk_r   0x080061e4       0x20
 .text._sbrk_r  0x080061e4       0x20 C:/arm-gnu-toolchain-15.2.rel1-mingw-w64-i686-arm-none-eabi/bin/../lib/gcc/arm-none-eabi/15.2.1/../../../../arm-none-eabi/lib/thumb/v7e-m+fp/hard\libc_nano.a(libc_a-sbrkr.o)
                0x080061e4                _sbrk_r

.text.memcpy    0x08006204       0x1c
 .text.memcpy   0x08006204       0x1c C:/arm-gnu-toolchain-15.2.rel1-mingw-w64-i686-arm-none-eabi/bin/../lib/gcc/arm-none-eabi/15.2.1/../../../../arm-none-eabi/lib/thumb/v7e-m+fp/hard\libc_nano.a(libc_a-memcpy-stub.o)
                0x08006204                memcpy

.text.__assert_func
                0x08006220       0x3c
 .text.__assert_func
                0x08006220       0x3c C:/arm-gnu-toolchain-15.2.rel1-mingw-w64-i686-arm-none-eabi/bin/../lib/gcc/arm-none-eabi/15.2.1/../../../../arm-none-eabi/lib/thumb/v7e-m+fp/hard\libc_nano.a(libc_a-assert.o)
                0x08006220                __assert_func

.text.__assert  0x0800625c        0xa
 .text.__assert
                0x0800625c        0xa C:/arm-gnu-toolchain-15.2.rel1-mingw-w64-i686-arm-none-eabi/bin/../lib/gcc/arm-none-eabi/15.2.1/../../../../arm-none-eabi/lib/thumb/v7e-m+fp/hard\libc_nano.a(libc_a-assert.o)
                0x0800625c                __assert

.text._calloc_r
                0x08006266       0x28
 .text._calloc_r
                0x08006266       0x28 C:/arm-gnu-toolchain-15.2.rel1-mingw-w64-i686-arm-none-eabi/bin/../lib/gcc/arm-none-eabi/15.2.1/../../../../arm-none-eabi/lib/thumb/v7e-m+fp/hard\libc_nano.a(libc_a-callocr.o)
                0x08006266                _calloc_r

.text._mbtowc_r
                0x08006290       0x10
 .text._mbtowc_r
                0x08006290       0x10 C:/arm-gnu-toolchain-15.2.rel1-mingw-w64-i686-arm-none-eabi/bin/../lib/gcc/arm-none-eabi/15.2.1/../../../../arm-none-eabi/lib/thumb/v7e-m+fp/hard\libc_nano.a(libc_a-mbtowc_r.o)
                0x08006290                _mbtowc_r

.text.__ascii_mbtowc
                0x080062a0       0x24
 .text.__ascii_mbtowc
                0x080062a0       0x24 C:/arm-gnu-toolchain-15.2.rel1-mingw-w64-i686-arm-none-eabi/bin/../lib/gcc/arm-none-eabi/15.2.1/../../../../arm-none-eabi/lib/thumb/v7e-m+fp/hard\libc_nano.a(libc_a-mbtowc_r.o)
                0x080062a0                __ascii_mbtowc

.text._realloc_r
                0x080062c4       0x5c
 .text._realloc_r
                0x080062c4       0x5c C:/arm-gnu-toolchain-15.2.rel1-mingw-w64-i686-arm-none-eabi/bin/../lib/gcc/arm-none-eabi/15.2.1/../../../../arm-none-eabi/lib/thumb/v7e-m+fp/hard\libc_nano.a(libc_a-reallocr.o)
                0x080062c4                _realloc_r

.text._strtol_l.isra.0
                0x08006320       0xf4
 .text._strtol_l.isra.0
                0x08006320       0xf4 C:/arm-gnu-toolchain-15.2.rel1-mingw-w64-i686-arm-none-eabi/bin/../lib/gcc/arm-none-eabi/15.2.1/../../../../arm-none-eabi/lib/thumb/v7e-m+fp/hard\libc_nano.a(libc_a-strtol.o)

.text._strtol_r
                0x08006414        0x4
 .text._strtol_r
                0x08006414        0x4 C:/arm-gnu-toolchain-15.2.rel1-mingw-w64-i686-arm-none-eabi/bin/../lib/gcc/arm-none-eabi/15.2.1/../../../../arm-none-eabi/lib/thumb/v7e-m+fp/hard\libc_nano.a(libc_a-strtol.o)
                0x08006414                _strtol_r

.text.strtol_l  0x08006418       0x14
 .text.strtol_l
                0x08006418       0x14 C:/arm-gnu-toolchain-15.2.rel1-mingw-w64-i686-arm-none-eabi/bin/../lib/gcc/arm-none-eabi/15.2.1/../../../../arm-none-eabi/lib/thumb/v7e-m+fp/hard\libc_nano.a(libc_a-strtol.o)
                0x08006418                strtol_l

.text.strtol    0x0800642c       0x14
 .text.strtol   0x0800642c       0x14 C:/arm-gnu-toolchain-15.2.rel1-mingw-w64-i686-arm-none-eabi/bin/../lib/gcc/arm-none-eabi/15.2.1/../../../../arm-none-eabi/lib/thumb/v7e-m+fp/hard\libc_nano.a(libc_a-strtol.o)
                0x0800642c                strtol

.text._strtoul_l.isra.0
                0x08006440       0xdc
 .text._strtoul_l.isra.0
                0x08006440       0xdc C:/arm-gnu-toolchain-15.2.rel1-mingw-w64-i686-arm-none-eabi/bin/../lib/gcc/arm-none-eabi/15.2.1/../../../../arm-none-eabi/lib/thumb/v7e-m+fp/hard\libc_nano.a(libc_a-strtoul.o)

.text._strtoul_r
                0x0800651c        0x4
 .text._strtoul_r
                0x0800651c        0x4 C:/arm-gnu-toolchain-15.2.rel1-mingw-w64-i686-arm-none-eabi/bin/../lib/gcc/arm-none-eabi/15.2.1/../../../../arm-none-eabi/lib/thumb/v7e-m+fp/hard\libc_nano.a(libc_a-strtoul.o)
                0x0800651c                _strtoul_r

.text.strtoul_l
                0x08006520       0x14
 .text.strtoul_l
                0x08006520       0x14 C:/arm-gnu-toolchain-15.2.rel1-mingw-w64-i686-arm-none-eabi/bin/../lib/gcc/arm-none-eabi/15.2.1/../../../../arm-none-eabi/lib/thumb/v7e-m+fp/hard\libc_nano.a(libc_a-strtoul.o)
                0x08006520                strtoul_l

.text.strtoul   0x08006534       0x14
 .text.strtoul  0x08006534       0x14 C:/arm-gnu-toolchain-15.2.rel1-mingw-w64-i686-arm-none-eabi/bin/../lib/gcc/arm-none-eabi/15.2.1/../../../../arm-none-eabi/lib/thumb/v7e-m+fp/hard\libc_nano.a(libc_a-strtoul.o)
                0x08006534                strtoul

.text._wctomb_r
                0x08006548       0x10
 .text._wctomb_r
                0x08006548       0x10 C:/arm-gnu-toolchain-15.2.rel1-mingw-w64-i686-arm-none-eabi/bin/../lib/gcc/arm-none-eabi/15.2.1/../../../../arm-none-eabi/lib/thumb/v7e-m+fp/hard\libc_nano.a(libc_a-wctomb_r.o)
                0x08006548                _wctomb_r

.text.__ascii_wctomb
                0x08006558       0x1a
 .text.__ascii_wctomb
                0x08006558       0x1a C:/arm-gnu-toolchain-15.2.rel1-mingw-w64-i686-arm-none-eabi/bin/../lib/gcc/arm-none-eabi/15.2.1/../../../../arm-none-eabi/lib/thumb/v7e-m+fp/hard\libc_nano.a(libc_a-wctomb_r.o)
                0x08006558                __ascii_wctomb

.text._fprintf_r
                0x08006572       0x1a
 .text._fprintf_r
                0x08006572       0x1a C:/arm-gnu-toolchain-15.2.rel1-mingw-w64-i686-arm-none-eabi/bin/../lib/gcc/arm-none-eabi/15.2.1/../../../../arm-none-eabi/lib/thumb/v7e-m+fp/hard\libc_nano.a(libc_a-fprintf.o)
                0x08006572                _fiprintf_r
                0x08006572                _fprintf_r

.text.fprintf   0x0800658c       0x24
 .text.fprintf  0x0800658c       0x24 C:/arm-gnu-toolchain-15.2.rel1-mingw-w64-i686-arm-none-eabi/bin/../lib/gcc/arm-none-eabi/15.2.1/../../../../arm-none-eabi/lib/thumb/v7e-m+fp/hard\libc_nano.a(libc_a-fprintf.o)
                0x0800658c                fiprintf
                0x0800658c                fprintf

.text.abort     0x080065b0        0xe
 .text.abort    0x080065b0        0xe C:/arm-gnu-toolchain-15.2.rel1-mingw-w64-i686-arm-none-eabi/bin/../lib/gcc/arm-none-eabi/15.2.1/../../../../arm-none-eabi/lib/thumb/v7e-m+fp/hard\libc_nano.a(libc_a-abort.o)
                0x080065b0                abort

.text._malloc_usable_size_r
                0x080065be       0x10
 .text._malloc_usable_size_r
                0x080065be       0x10 C:/arm-gnu-toolchain-15.2.rel1-mingw-w64-i686-arm-none-eabi/bin/../lib/gcc/arm-none-eabi/15.2.1/../../../../arm-none-eabi/lib/thumb/v7e-m+fp/hard\libc_nano.a(libc_a-msizer.o)
                0x080065be                _malloc_usable_size_r

.text._init_signal_r
                0x080065ce       0x28
 .text._init_signal_r
                0x080065ce       0x28 C:/arm-gnu-toolchain-15.2.rel1-mingw-w64-i686-arm-none-eabi/bin/../lib/gcc/arm-none-eabi/15.2.1/../../../../arm-none-eabi/lib/thumb/v7e-m+fp/hard\libc_nano.a(libc_a-signal.o)
                0x080065ce                _init_signal_r

.text._signal_r
                0x080065f6       0x30
 .text._signal_r
                0x080065f6       0x30 C:/arm-gnu-toolchain-15.2.rel1-mingw-w64-i686-arm-none-eabi/bin/../lib/gcc/arm-none-eabi/15.2.1/../../../../arm-none-eabi/lib/thumb/v7e-m+fp/hard\libc_nano.a(libc_a-signal.o)
                0x080065f6                _signal_r

.text._raise_r  0x08006626       0x50
 .text._raise_r
                0x08006626       0x50 C:/arm-gnu-toolchain-15.2.rel1-mingw-w64-i686-arm-none-eabi/bin/../lib/gcc/arm-none-eabi/15.2.1/../../../../arm-none-eabi/lib/thumb/v7e-m+fp/hard\libc_nano.a(libc_a-signal.o)
                0x08006626                _raise_r

.text.__sigtramp_r
                0x08006676       0x48
 .text.__sigtramp_r
                0x08006676       0x48 C:/arm-gnu-toolchain-15.2.rel1-mingw-w64-i686-arm-none-eabi/bin/../lib/gcc/arm-none-eabi/15.2.1/../../../../arm-none-eabi/lib/thumb/v7e-m+fp/hard\libc_nano.a(libc_a-signal.o)
                0x08006676                __sigtramp_r

.text.raise     0x080066c0       0x10
 .text.raise    0x080066c0       0x10 C:/arm-gnu-toolchain-15.2.rel1-mingw-w64-i686-arm-none-eabi/bin/../lib/gcc/arm-none-eabi/15.2.1/../../../../arm-none-eabi/lib/thumb/v7e-m+fp/hard\libc_nano.a(libc_a-signal.o)
                0x080066c0                raise

.text.signal    0x080066d0       0x10
 .text.signal   0x080066d0       0x10 C:/arm-gnu-toolchain-15.2.rel1-mingw-w64-i686-arm-none-eabi/bin/../lib/gcc/arm-none-eabi/15.2.1/../../../../arm-none-eabi/lib/thumb/v7e-m+fp/hard\libc_nano.a(libc_a-signal.o)
                0x080066d0                signal

.text._init_signal
                0x080066e0        0xc
 .text._init_signal
                0x080066e0        0xc C:/arm-gnu-toolchain-15.2.rel1-mingw-w64-i686-arm-none-eabi/bin/../lib/gcc/arm-none-eabi/15.2.1/../../../../arm-none-eabi/lib/thumb/v7e-m+fp/hard\libc_nano.a(libc_a-signal.o)
                0x080066e0                _init_signal

.text.__sigtramp
                0x080066ec       0x10
 .text.__sigtramp
                0x080066ec       0x10 C:/arm-gnu-toolchain-15.2.rel1-mingw-w64-i686-arm-none-eabi/bin/../lib/gcc/arm-none-eabi/15.2.1/../../../../arm-none-eabi/lib/thumb/v7e-m+fp/hard\libc_nano.a(libc_a-signal.o)
                0x080066ec                __sigtramp

.text._kill_r   0x080066fc       0x24
 .text._kill_r  0x080066fc       0x24 C:/arm-gnu-toolchain-15.2.rel1-mingw-w64-i686-arm-none-eabi/bin/../lib/gcc/arm-none-eabi/15.2.1/../../../../arm-none-eabi/lib/thumb/v7e-m+fp/hard\libc_nano.a(libc_a-signalr.o)
                0x080066fc                _kill_r

.text._getpid_r
                0x08006720        0x4
 .text._getpid_r
                0x08006720        0x4 C:/arm-gnu-toolchain-15.2.rel1-mingw-w64-i686-arm-none-eabi/bin/../lib/gcc/arm-none-eabi/15.2.1/../../../../arm-none-eabi/lib/thumb/v7e-m+fp/hard\libc_nano.a(libc_a-signalr.o)
                0x08006720                _getpid_r

.text._exit     0x08006724        0x4
 .text._exit    0x08006724        0x4 C:/arm-gnu-toolchain-15.2.rel1-mingw-w64-i686-arm-none-eabi/bin/../lib/gcc/arm-none-eabi/15.2.1/../../../../arm-none-eabi/lib/thumb/v7e-m+fp/hard\libnosys.a(_exit.o)
                0x08006724                _exit

.ARM.extab      0x08006728        0x0
 *(.ARM.extab* .gnu.linkonce.armextab.*)
 .ARM.extab     0x08006728        0x0 C:/arm-gnu-toolchain-15.2.rel1-mingw-w64-i686-arm-none-eabi/bin/../lib/gcc/arm-none-eabi/15.2.1/../../../../arm-none-eabi/lib/thumb/v7e-m+fp/hard\libc_nano.a(libc_a-memchr.o)
 .ARM.extab     0x08006728        0x0 C:/arm-gnu-toolchain-15.2.rel1-mingw-w64-i686-arm-none-eabi/bin/../lib/gcc/arm-none-eabi/15.2.1/../../../../arm-none-eabi/lib/thumb/v7e-m+fp/hard\libc_nano.a(libc_a-strlen.o)
 .ARM.extab     0x08006728        0x0 C:/arm-gnu-toolchain-15.2.rel1-mingw-w64-i686-arm-none-eabi/bin/../lib/gcc/arm-none-eabi/15.2.1/../../../../arm-none-eabi/lib/thumb/v7e-m+fp/hard\libc_nano.a(libc_a-strcmp.o)
                0x08006728                        . = ALIGN (0x4)

.ARM.exidx      0x08006728        0x8
 *(.ARM.exidx* .gnu.linkonce.armexidx.*)
 .ARM.exidx     0x08006728        0x8 C:/arm-gnu-toolchain-15.2.rel1-mingw-w64-i686-arm-none-eabi/bin/../lib/gcc/arm-none-eabi/15.2.1/../../../../arm-none-eabi/lib/thumb/v7e-m+fp/hard\libc_nano.a(libc_a-memchr.o)
 .ARM.exidx     0x08006730        0x0 C:/arm-gnu-toolchain-15.2.rel1-mingw-w64-i686-arm-none-eabi/bin/../lib/gcc/arm-none-eabi/15.2.1/../../../../arm-none-eabi/lib/thumb/v7e-m+fp/hard\libc_nano.a(libc_a-strlen.o)
                                  0x8 (size before relaxing)
 .ARM.exidx     0x08006730        0x0 C:/arm-gnu-toolchain-15.2.rel1-mingw-w64-i686-arm-none-eabi/bin/../lib/gcc/arm-none-eabi/15.2.1/../../../../arm-none-eabi/lib/thumb/v7e-m+fp/hard\libc_nano.a(libc_a-strcmp.o)
                                  0x8 (size before relaxing)
                0x08006730                        . = ALIGN (0x4)

.rodata         0x08006730      0x620
 *(.rodata)
 .rodata        0x08006730       0x18 system_stm32f4xx.o
                0x08006730                AHBPrescTable
                0x08006740                APBPrescTable
 .rodata        0x08006748        0xc C:/arm-gnu-toolchain-15.2.rel1-mingw-w64-i686-arm-none-eabi/bin/../lib/gcc/arm-none-eabi/15.2.1/../../../../arm-none-eabi/lib/thumb/v7e-m+fp/hard\libc_nano.a(libc_a-nano-vfscanf_i.o)
 *(.rodata.*)
 .rodata.str1.4
                0x08006754      0x244 alarm.o
                                 0x87 (size before relaxing)
 .rodata.str1.4
                0x08006998        0x0 exception.o
                                 0x2e (size before relaxing)
 .rodata.str1.4
                0x08006998        0x0 main.o
                                 0x93 (size before relaxing)
 .rodata.str1.4
                0x08006998        0x0 motor.o
                                 0x45 (size before relaxing)
 .rodata.str1.4
                0x08006998        0x0 uart.o
                                 0xb0 (size before relaxing)
 .rodata._printf_float.str1.1
                0x08006998      0x18c C:/arm-gnu-toolchain-15.2.rel1-mingw-w64-i686-arm-none-eabi/bin/../lib/gcc/arm-none-eabi/15.2.1/../../../../arm-none-eabi/lib/thumb/v7e-m+fp/hard\libc_nano.a(libc_a-nano-vfprintf_float.o)
                                 0x12 (size before relaxing)
 .rodata._printf_i.str1.1
                0x08006b24        0x0 C:/arm-gnu-toolchain-15.2.rel1-mingw-w64-i686-arm-none-eabi/bin/../lib/gcc/arm-none-eabi/15.2.1/../../../../arm-none-eabi/lib/thumb/v7e-m+fp/hard\libc_nano.a(libc_a-nano-vfprintf_i.o)
                                 0x22 (size before relaxing)
 .rodata._dtoa_r.str1.1
                0x08006b24        0x0 C:/arm-gnu-toolchain-15.2.rel1-mingw-w64-i686-arm-none-eabi/bin/../lib/gcc/arm-none-eabi/15.2.1/../../../../arm-none-eabi/lib/thumb/v7e-m+fp/hard\libc_nano.a(libc_a-dtoa.o)
                                 0x90 (size before relaxing)
 .rodata._Balloc.str1.1
                0x08006b24        0x0 C:/arm-gnu-toolchain-15.2.rel1-mingw-w64-i686-arm-none-eabi/bin/../lib/gcc/arm-none-eabi/15.2.1/../../../../arm-none-eabi/lib/thumb/v7e-m+fp/hard\libc_nano.a(libc_a-mprec.o)
                                 0x71 (size before relaxing)
 .rodata.__multadd.str1.1
                0x08006b24        0x0 C:/arm-gnu-toolchain-15.2.rel1-mingw-w64-i686-arm-none-eabi/bin/../lib/gcc/arm-none-eabi/15.2.1/../../../../arm-none-eabi/lib/thumb/v7e-m+fp/hard\libc_nano.a(libc_a-mprec.o)
                                 0x11 (size before relaxing)
 .rodata.p05.0  0x08006b24        0xc C:/arm-gnu-toolchain-15.2.rel1-mingw-w64-i686-arm-none-eabi/bin/../lib/gcc/arm-none-eabi/15.2.1/../../../../arm-none-eabi/lib/thumb/v7e-m+fp/hard\libc_nano.a(libc_a-mprec.o)
 .rodata.__mprec_tinytens
                0x08006b30       0x28 C:/arm-gnu-toolchain-15.2.rel1-mingw-w64-i686-arm-none-eabi/bin/../lib/gcc/arm-none-eabi/15.2.1/../../../../arm-none-eabi/lib/thumb/v7e-m+fp/hard\libc_nano.a(libc_a-mprec.o)
                0x08006b30                __mprec_tinytens
 .rodata.__mprec_bigtens
                0x08006b58       0x28 C:/arm-gnu-toolchain-15.2.rel1-mingw-w64-i686-arm-none-eabi/bin/../lib/gcc/arm-none-eabi/15.2.1/../../../../arm-none-eabi/lib/thumb/v7e-m+fp/hard\libc_nano.a(libc_a-mprec.o)
                0x08006b58                __mprec_bigtens
 .rodata.__mprec_tens
                0x08006b80       0xc8 C:/arm-gnu-toolchain-15.2.rel1-mingw-w64-i686-arm-none-eabi/bin/../lib/gcc/arm-none-eabi/15.2.1/../../../../arm-none-eabi/lib/thumb/v7e-m+fp/hard\libc_nano.a(libc_a-mprec.o)
                0x08006b80                __mprec_tens
 .rodata._svfprintf_r.str1.1
                0x08006c48        0x0 C:/arm-gnu-toolchain-15.2.rel1-mingw-w64-i686-arm-none-eabi/bin/../lib/gcc/arm-none-eabi/15.2.1/../../../../arm-none-eabi/lib/thumb/v7e-m+fp/hard\libc_nano.a(libc_a-nano-svfprintf.o)
                                 0x11 (size before relaxing)
 .rodata.__ssvfscanf_r.str1.1
                0x08006c48        0x0 C:/arm-gnu-toolchain-15.2.rel1-mingw-w64-i686-arm-none-eabi/bin/../lib/gcc/arm-none-eabi/15.2.1/../../../../arm-none-eabi/lib/thumb/v7e-m+fp/hard\libc_nano.a(libc_a-nano-svfscanf.o)
                                  0x4 (size before relaxing)
 .rodata._vfprintf_r.str1.1
                0x08006c48        0x0 C:/arm-gnu-toolchain-15.2.rel1-mingw-w64-i686-arm-none-eabi/bin/../lib/gcc/arm-none-eabi/15.2.1/../../../../arm-none-eabi/lib/thumb/v7e-m+fp/hard\libc_nano.a(libc_a-nano-vfprintf.o)
                                 0x11 (size before relaxing)
 .rodata._scanf_i.str1.1
                0x08006c48        0x0 C:/arm-gnu-toolchain-15.2.rel1-mingw-w64-i686-arm-none-eabi/bin/../lib/gcc/arm-none-eabi/15.2.1/../../../../arm-none-eabi/lib/thumb/v7e-m+fp/hard\libc_nano.a(libc_a-nano-vfscanf_i.o)
                                 0x12 (size before relaxing)
 .rodata.str1.1
                0x08006c48        0x0 C:/arm-gnu-toolchain-15.2.rel1-mingw-w64-i686-arm-none-eabi/bin/../lib/gcc/arm-none-eabi/15.2.1/../../../../arm-none-eabi/lib/thumb/v7e-m+fp/hard\libc_nano.a(libc_a-nano-vfscanf_i.o)
                                  0x9 (size before relaxing)
 .rodata._setlocale_r.str1.1
                0x08006c48        0x0 C:/arm-gnu-toolchain-15.2.rel1-mingw-w64-i686-arm-none-eabi/bin/../lib/gcc/arm-none-eabi/15.2.1/../../../../arm-none-eabi/lib/thumb/v7e-m+fp/hard\libc_nano.a(libc_a-locale.o)
                                  0x9 (size before relaxing)
 .rodata.str1.1
                0x08006c48        0x0 C:/arm-gnu-toolchain-15.2.rel1-mingw-w64-i686-arm-none-eabi/bin/../lib/gcc/arm-none-eabi/15.2.1/../../../../arm-none-eabi/lib/thumb/v7e-m+fp/hard\libc_nano.a(libc_a-locale.o)
                                  0x2 (size before relaxing)
 .rodata.__assert_func.str1.1
                0x08006c48        0x0 C:/arm-gnu-toolchain-15.2.rel1-mingw-w64-i686-arm-none-eabi/bin/../lib/gcc/arm-none-eabi/15.2.1/../../../../arm-none-eabi/lib/thumb/v7e-m+fp/hard\libc_nano.a(libc_a-assert.o)
                                 0x3d (size before relaxing)
 .rodata._ctype_
                0x08006c48      0x101 C:/arm-gnu-toolchain-15.2.rel1-mingw-w64-i686-arm-none-eabi/bin/../lib/gcc/arm-none-eabi/15.2.1/../../../../arm-none-eabi/lib/thumb/v7e-m+fp/hard\libc_nano.a(libc_a-ctype_.o)
                0x08006c48                _ctype_
                0x08006d50                        . = ALIGN (0x8)
 *fill*         0x08006d49        0x7 
                0x08006d50                        __RO_LIMIT__ = .

.rel.dyn        0x08006d50        0x0
 .rel.iplt      0x08006d50        0x0 alarm.o

.data           0x20000000      0x1d0 load address 0x08006d50
                0x20000000                        __RW_BASE__ = .
 *(.data)
 .data          0x20000000        0x0 alarm.o
 .data          0x20000000        0x0 clock.o
 .data          0x20000000        0x0 exception.o
 .data          0x20000000        0x0 key.o
 .data          0x20000000        0x0 lcd.o
 .data          0x20000000        0x0 led.o
 .data          0x20000000        0x4 main.o
 .data          0x20000004        0x0 motor.o
 .data          0x20000004        0x0 runtime.o
 .data          0x20000004        0x4 system_stm32f4xx.o
                0x20000004                SystemCoreClock
 .data          0x20000008        0x0 systick.o
 .data          0x20000008        0x0 timer.o
 .data          0x20000008        0x0 uart.o
 .data          0x20000008        0x0 crt0.o
 .data          0x20000008        0x0 C:/arm-gnu-toolchain-15.2.rel1-mingw-w64-i686-arm-none-eabi/bin/../lib/gcc/arm-none-eabi/15.2.1/../../../../arm-none-eabi/lib/thumb/v7e-m+fp/hard\libc_nano.a(libc_a-nano-vfprintf_float.o)
 .data          0x20000008        0x0 C:/arm-gnu-toolchain-15.2.rel1-mingw-w64-i686-arm-none-eabi/bin/../lib/gcc/arm-none-eabi/15.2.1/../../../../arm-none-eabi/lib/thumb/v7e-m+fp/hard\libc_nano.a(libc_a-nano-vfprintf_i.o)
 .data          0x20000008        0x0 C:/arm-gnu-toolchain-15.2.rel1-mingw-w64-i686-arm-none-eabi/bin/../lib/gcc/arm-none-eabi/15.2.1/../../../../arm-none-eabi/lib/thumb/v7e-m+fp/hard\libc_nano.a(libc_a-printf.o)
 .data          0x20000008        0x0 C:/arm-gnu-toolchain-15.2.rel1-mingw-w64-i686-arm-none-eabi/bin/../lib/gcc/arm-none-eabi/15.2.1/../../../../arm-none-eabi/lib/thumb/v7e-m+fp/hard\libc_nano.a(libc_a-setvbuf.o)
 .data          0x20000008        0x0 C:/arm-gnu-toolchain-15.2.rel1-mingw-w64-i686-arm-none-eabi/bin/../lib/gcc/arm-none-eabi/15.2.1/../../../../arm-none-eabi/lib/thumb/v7e-m+fp/hard\libc_nano.a(libc_a-sprintf.o)
 .data          0x20000008        0x0 C:/arm-gnu-toolchain-15.2.rel1-mingw-w64-i686-arm-none-eabi/bin/../lib/gcc/arm-none-eabi/15.2.1/../../../../arm-none-eabi/lib/thumb/v7e-m+fp/hard\libc_nano.a(libc_a-sscanf.o)
 .data          0x20000008        0x0 C:/arm-gnu-toolchain-15.2.rel1-mingw-w64-i686-arm-none-eabi/bin/../lib/gcc/arm-none-eabi/15.2.1/../../../../arm-none-eabi/lib/thumb/v7e-m+fp/hard\libc_nano.a(libc_a-stdio.o)
 .data          0x20000008        0x0 C:/arm-gnu-toolchain-15.2.rel1-mingw-w64-i686-arm-none-eabi/bin/../lib/gcc/arm-none-eabi/15.2.1/../../../../arm-none-eabi/lib/thumb/v7e-m+fp/hard\libc_nano.a(libc_a-vsprintf.o)
 .data          0x20000008        0x0 C:/arm-gnu-toolchain-15.2.rel1-mingw-w64-i686-arm-none-eabi/bin/../lib/gcc/arm-none-eabi/15.2.1/../../../../arm-none-eabi/lib/thumb/v7e-m+fp/hard\libc_nano.a(libc_a-localeconv.o)
 .data          0x20000008        0x0 C:/arm-gnu-toolchain-15.2.rel1-mingw-w64-i686-arm-none-eabi/bin/../lib/gcc/arm-none-eabi/15.2.1/../../../../arm-none-eabi/lib/thumb/v7e-m+fp/hard\libc_nano.a(libc_a-closer.o)
 .data          0x20000008        0x0 C:/arm-gnu-toolchain-15.2.rel1-mingw-w64-i686-arm-none-eabi/bin/../lib/gcc/arm-none-eabi/15.2.1/../../../../arm-none-eabi/lib/thumb/v7e-m+fp/hard\libc_nano.a(libc_a-reent.o)
 .data          0x20000008        0x0 C:/arm-gnu-toolchain-15.2.rel1-mingw-w64-i686-arm-none-eabi/bin/../lib/gcc/arm-none-eabi/15.2.1/../../../../arm-none-eabi/lib/thumb/v7e-m+fp/hard\libc_nano.a(libc_a-impure.o)
 .data          0x20000008        0x0 C:/arm-gnu-toolchain-15.2.rel1-mingw-w64-i686-arm-none-eabi/bin/../lib/gcc/arm-none-eabi/15.2.1/../../../../arm-none-eabi/lib/thumb/v7e-m+fp/hard\libc_nano.a(libc_a-lseekr.o)
 .data          0x20000008        0x0 C:/arm-gnu-toolchain-15.2.rel1-mingw-w64-i686-arm-none-eabi/bin/../lib/gcc/arm-none-eabi/15.2.1/../../../../arm-none-eabi/lib/thumb/v7e-m+fp/hard\libc_nano.a(libc_a-readr.o)
 .data          0x20000008        0x0 C:/arm-gnu-toolchain-15.2.rel1-mingw-w64-i686-arm-none-eabi/bin/../lib/gcc/arm-none-eabi/15.2.1/../../../../arm-none-eabi/lib/thumb/v7e-m+fp/hard\libc_nano.a(libc_a-writer.o)
 .data          0x20000008        0x0 C:/arm-gnu-toolchain-15.2.rel1-mingw-w64-i686-arm-none-eabi/bin/../lib/gcc/arm-none-eabi/15.2.1/../../../../arm-none-eabi/lib/thumb/v7e-m+fp/hard\libc_nano.a(libc_a-errno.o)
 .data          0x20000008        0x0 C:/arm-gnu-toolchain-15.2.rel1-mingw-w64-i686-arm-none-eabi/bin/../lib/gcc/arm-none-eabi/15.2.1/../../../../arm-none-eabi/lib/thumb/v7e-m+fp/hard\libc_nano.a(libc_a-lock.o)
 .data          0x20000008        0x0 C:/arm-gnu-toolchain-15.2.rel1-mingw-w64-i686-arm-none-eabi/bin/../lib/gcc/arm-none-eabi/15.2.1/../../../../arm-none-eabi/lib/thumb/v7e-m+fp/hard\libc_nano.a(libc_a-memchr.o)
 .data          0x20000008        0x0 C:/arm-gnu-toolchain-15.2.rel1-mingw-w64-i686-arm-none-eabi/bin/../lib/gcc/arm-none-eabi/15.2.1/../../../../arm-none-eabi/lib/thumb/v7e-m+fp/hard\libc_nano.a(libc_a-strlen.o)
 .data          0x20000008        0x0 C:/arm-gnu-toolchain-15.2.rel1-mingw-w64-i686-arm-none-eabi/bin/../lib/gcc/arm-none-eabi/15.2.1/../../../../arm-none-eabi/lib/thumb/v7e-m+fp/hard\libc_nano.a(libc_a-dtoa.o)
 .data          0x20000008        0x0 C:/arm-gnu-toolchain-15.2.rel1-mingw-w64-i686-arm-none-eabi/bin/../lib/gcc/arm-none-eabi/15.2.1/../../../../arm-none-eabi/lib/thumb/v7e-m+fp/hard\libc_nano.a(libc_a-freer.o)
 .data          0x20000008        0x0 C:/arm-gnu-toolchain-15.2.rel1-mingw-w64-i686-arm-none-eabi/bin/../lib/gcc/arm-none-eabi/15.2.1/../../../../arm-none-eabi/lib/thumb/v7e-m+fp/hard\libc_nano.a(libc_a-malloc.o)
 .data          0x20000008        0x0 C:/arm-gnu-toolchain-15.2.rel1-mingw-w64-i686-arm-none-eabi/bin/../lib/gcc/arm-none-eabi/15.2.1/../../../../arm-none-eabi/lib/thumb/v7e-m+fp/hard\libc_nano.a(libc_a-mallocr.o)
 .data          0x20000008        0x0 C:/arm-gnu-toolchain-15.2.rel1-mingw-w64-i686-arm-none-eabi/bin/../lib/gcc/arm-none-eabi/15.2.1/../../../../arm-none-eabi/lib/thumb/v7e-m+fp/hard\libc_nano.a(libc_a-mlock.o)
 .data          0x20000008        0x0 C:/arm-gnu-toolchain-15.2.rel1-mingw-w64-i686-arm-none-eabi/bin/../lib/gcc/arm-none-eabi/15.2.1/../../../../arm-none-eabi/lib/thumb/v7e-m+fp/hard\libc_nano.a(libc_a-mprec.o)
 .data          0x20000008        0x0 C:/arm-gnu-toolchain-15.2.rel1-mingw-w64-i686-arm-none-eabi/bin/../lib/gcc/arm-none-eabi/15.2.1/../../../../arm-none-eabi/lib/thumb/v7e-m+fp/hard\libc_nano.a(libc_a-nano-svfprintf.o)
 .data          0x20000008        0x0 C:/arm-gnu-toolchain-15.2.rel1-mingw-w64-i686-arm-none-eabi/bin/../lib/gcc/arm-none-eabi/15.2.1/../../../../arm-none-eabi/lib/thumb/v7e-m+fp/hard\libc_nano.a(libc_a-nano-svfscanf.o)
 .data          0x20000008        0x0 C:/arm-gnu-toolchain-15.2.rel1-mingw-w64-i686-arm-none-eabi/bin/../lib/gcc/arm-none-eabi/15.2.1/../../../../arm-none-eabi/lib/thumb/v7e-m+fp/hard\libc_nano.a(libc_a-nano-vfprintf.o)
 .data          0x20000008        0x0 C:/arm-gnu-toolchain-15.2.rel1-mingw-w64-i686-arm-none-eabi/bin/../lib/gcc/arm-none-eabi/15.2.1/../../../../arm-none-eabi/lib/thumb/v7e-m+fp/hard\libc_nano.a(libc_a-nano-vfscanf_i.o)
 .data          0x20000008        0x0 C:/arm-gnu-toolchain-15.2.rel1-mingw-w64-i686-arm-none-eabi/bin/../lib/gcc/arm-none-eabi/15.2.1/../../../../arm-none-eabi/lib/thumb/v7e-m+fp/hard\libc_nano.a(libc_a-fflush.o)
 .data          0x20000008        0x0 C:/arm-gnu-toolchain-15.2.rel1-mingw-w64-i686-arm-none-eabi/bin/../lib/gcc/arm-none-eabi/15.2.1/../../../../arm-none-eabi/lib/thumb/v7e-m+fp/hard\libc_nano.a(libc_a-findfp.o)
 .data          0x20000008        0x0 C:/arm-gnu-toolchain-15.2.rel1-mingw-w64-i686-arm-none-eabi/bin/../lib/gcc/arm-none-eabi/15.2.1/../../../../arm-none-eabi/lib/thumb/v7e-m+fp/hard\libc_nano.a(libc_a-fvwrite.o)
 .data          0x20000008        0x0 C:/arm-gnu-toolchain-15.2.rel1-mingw-w64-i686-arm-none-eabi/bin/../lib/gcc/arm-none-eabi/15.2.1/../../../../arm-none-eabi/lib/thumb/v7e-m+fp/hard\libc_nano.a(libc_a-fwalk.o)
 .data          0x20000008        0x0 C:/arm-gnu-toolchain-15.2.rel1-mingw-w64-i686-arm-none-eabi/bin/../lib/gcc/arm-none-eabi/15.2.1/../../../../arm-none-eabi/lib/thumb/v7e-m+fp/hard\libc_nano.a(libc_a-makebuf.o)
 .data          0x20000008        0x0 C:/arm-gnu-toolchain-15.2.rel1-mingw-w64-i686-arm-none-eabi/bin/../lib/gcc/arm-none-eabi/15.2.1/../../../../arm-none-eabi/lib/thumb/v7e-m+fp/hard\libc_nano.a(libc_a-sccl.o)
 .data          0x20000008        0x0 C:/arm-gnu-toolchain-15.2.rel1-mingw-w64-i686-arm-none-eabi/bin/../lib/gcc/arm-none-eabi/15.2.1/../../../../arm-none-eabi/lib/thumb/v7e-m+fp/hard\libc_nano.a(libc_a-ungetc.o)
 .data          0x20000008        0x0 C:/arm-gnu-toolchain-15.2.rel1-mingw-w64-i686-arm-none-eabi/bin/../lib/gcc/arm-none-eabi/15.2.1/../../../../arm-none-eabi/lib/thumb/v7e-m+fp/hard\libc_nano.a(libc_a-wbuf.o)
 .data          0x20000008        0x0 C:/arm-gnu-toolchain-15.2.rel1-mingw-w64-i686-arm-none-eabi/bin/../lib/gcc/arm-none-eabi/15.2.1/../../../../arm-none-eabi/lib/thumb/v7e-m+fp/hard\libc_nano.a(libc_a-wsetup.o)
 .data          0x20000008        0x0 C:/arm-gnu-toolchain-15.2.rel1-mingw-w64-i686-arm-none-eabi/bin/../lib/gcc/arm-none-eabi/15.2.1/../../../../arm-none-eabi/lib/thumb/v7e-m+fp/hard\libc_nano.a(libc_a-memmove.o)